<html>
<body>
<pre>
<h1>µVision Build Log</h1>
<h2>Tool Versions:</h2>
IDE-Version: ¶ÃVision V5.17.0.0
Copyright (C) 2015 ARM Ltd and ARM Germany GmbH. All rights reserved.
License Information: xu liang, uestc, LIC=ATTNN-Y4DY3-Y71RW-Q2H8L-6ZJP4-YGWSF
 
Tool Versions:
Toolchain:       MDK-ARM Standard  Version: 5.17
Toolchain Path:  d:\Keil_v5\ARM\ARMCC\Bin
C Compiler:      Armcc.exe V5.06 update 1 (build 61)
Assembler:       Armasm.exe V5.06 update 1 (build 61)
Linker/Locator:  ArmLink.exe V5.06 update 1 (build 61)
Library Manager: ArmAr.exe V5.06 update 1 (build 61)
Hex Converter:   FromElf.exe V5.06 update 1 (build 61)
CPU DLL:         SARMCM3.DLL V5.17
Dialog DLL:      DARMSTM.DLL V1.65.0.0
Target DLL:      Segger\JL2CM3.dll V2.99.16.0
Dialog DLL:      TARMSTM.DLL V1.64.0.0
 
<h2>Project:</h2>
C:\Users\Administrator\Desktop\¥≤µÊ—π¡¶ºÏ≤‚\Bery-P\USER\Bery.uvprojx
Project File Date:  04/20/2016

<h2>Output:</h2>
*** Using Compiler 'V5.06 update 1 (build 61)', folder: 'd:\Keil_v5\ARM\ARMCC\Bin'
Rebuild target 'Master'
compiling main.c...
compiling stm32f10x_it.c...
compiling system_stm32f10x.c...
compiling sample.c...
compiling collect.c...
compiling buffer.c...
compiling iterator.c...
compiling sensor.c...
compiling scan.c...
compiling net.c...
compiling net_slave.c...
compiling conn.c...
compiling net_master.c...
compiling tansmit.c...
compiling transfer.c...
compiling adc1.c...
compiling idac1.c...
compiling spi1.c...
compiling gpiox.c...
compiling spi2.c...
compiling tim2.c...
compiling tim3.c...
compiling usart1.c...
compiling led1.c...
compiling led3.c...
compiling led2.c...
compiling led4.c...
compiling core_cm3.c...
assembling startup_stm32f10x_hd.s...
compiling hardware_factory.c...
compiling stm32f10x_gpio.c...
compiling stm32f10x_usart.c...
compiling stm32f10x_rcc.c...
compiling misc.c...
compiling stm32f10x_adc.c...
compiling stm32f10x_spi.c...
compiling stm32f10x_tim.c...
linking...
Program Size: Code=27704 RO-data=336 RW-data=200 ZI-data=41984  
FromELF: creating hex file...
"..\OBJ\Master.axf" - 0 Error(s), 0 Warning(s).

<h2>Collection of Component include folders:</h2>
  C:\Users\Administrator\Desktop\¥≤µÊ—π¡¶ºÏ≤‚\Bery-P\USER\RTE
  d:\Keil_v5\ARM\PACK\Keil\STM32F1xx_DFP\2.0.0\Device\Include

<h2>Collection of Component Files used:</h2>
Build Time Elapsed:  00:00:13
</pre>
</body>
</html>
