Component: ARM Compiler 5.06 update 1 (build 61) Tool: armlink [4d35a8]

==============================================================================

Section Cross References

    main.o(.text) refers to main.o(i.boot_loader) for boot_loader
    system_stm32f10x.o(.text) refers to system_stm32f10x.o(.data) for SystemCoreClock
    sample.o(.text) refers to sensor.o(.text) for Sensor_Create_Scan
    sample.o(.text) refers to buffer.o(.text) for Buffer_Create
    sample.o(.text) refers to hardware_factory.o(.text) for Hardware_Factory_Get
    sample.o(.text) refers to net.o(.text) for Net_Init
    sample.o(.text) refers to sample.o(.data) for scan
    collect.o(.text) refers to buffer.o(.text) for Buffer_Create
    collect.o(.text) refers to tansmit.o(.text) for Transmit_Init
    collect.o(.text) refers to net.o(.text) for Net_Init
    collect.o(.text) refers to hardware_factory.o(.text) for Hardware_Factory_Get
    collect.o(.text) refers to collect.o(.data) for conn_2_MCU7
    buffer.o(.text) refers to iterator.o(.text) for Iterator_Create
    buffer.o(.text) refers to malloc.o(i.malloc) for malloc
    buffer.o(.text) refers to malloc.o(i.free) for free
    iterator.o(.text) refers to malloc.o(i.malloc) for malloc
    iterator.o(.text) refers to malloc.o(i.free) for free
    scan.o(.text) refers to sensor.o(.text) for Sensor_Select
    scan.o(.text) refers to scan.o(i.MOVE_2_NEXT) for MOVE_2_NEXT
    scan.o(.text) refers to malloc.o(i.malloc) for malloc
    scan.o(.text) refers to malloc.o(i.free) for free
    sensor.o(.text) refers to hardware_factory.o(.text) for Hardware_Factory_Get
    sensor.o(.text) refers to scan.o(.text) for Scan_Create
    net.o(.text) refers to hardware_factory.o(.text) for Hardware_Factory_Get
    net.o(.text) refers to net_master.o(.text) for Net_Master_Init
    net.o(.text) refers to net_slave.o(.text) for Net_Slave_Init
    net.o(.text) refers to conn.o(.text) for Conn_Create
    net_master.o(.text) refers to hardware_factory.o(.text) for Hardware_Factory_Get
    net_master.o(.text) refers to net_master.o(.data) for spi_4_net_master
    net_slave.o(.text) refers to sample.o(.text) for Sample_Buffer_Get
    net_slave.o(.text) refers to iterator.o(.text) for Iterator_Destroy
    net_slave.o(.text) refers to hardware_factory.o(.text) for Hardware_Factory_Get
    net_slave.o(.text) refers to net_slave.o(.data) for RXData
    conn.o(.text) refers to hardware_factory.o(.text) for Hardware_Factory_Get
    conn.o(.text) refers to net_master.o(.text) for Net_Master_Read
    conn.o(.text) refers to malloc.o(i.malloc) for malloc
    conn.o(.text) refers to malloc.o(i.free) for free
    tansmit.o(.text) refers to hardware_factory.o(.text) for Hardware_Factory_Get
    tansmit.o(.text) refers to transfer.o(.text) for Transfer_Create
    tansmit.o(.text) refers to tansmit.o(.data) for usart_4_tansmit
    transfer.o(.text) refers to iterator.o(.text) for Iterator_Destroy
    transfer.o(.text) refers to malloc.o(i.malloc) for malloc
    transfer.o(.text) refers to malloc.o(i.free) for free
    adc1.o(.text) refers to stm32f10x_rcc.o(.text) for RCC_APB2PeriphClockCmd
    adc1.o(.text) refers to hardware_factory.o(.text) for Hardware_Factory_Get
    adc1.o(.text) refers to stm32f10x_adc.o(.text) for ADC_DeInit
    adc1.o(.text) refers to malloc.o(i.malloc) for malloc
    adc1.o(.text) refers to malloc.o(i.free) for free
    adc1.o(.text) refers to adc1.o(.data) for adc1
    idac1.o(.text) refers to hardware_factory.o(.text) for Hardware_Factory_Get
    idac1.o(.text) refers to fdiv.o(.text) for __aeabi_fdiv
    idac1.o(.text) refers to fmul.o(.text) for __aeabi_fmul
    idac1.o(.text) refers to ffixui.o(.text) for __aeabi_f2uiz
    idac1.o(.text) refers to malloc.o(i.malloc) for malloc
    idac1.o(.text) refers to malloc.o(i.free) for free
    idac1.o(.text) refers to idac1.o(.data) for idac1
    gpiox.o(.text) refers to malloc.o(i.malloc) for malloc
    gpiox.o(.text) refers to gpiox.o(.data) for gpioA
    gpiox.o(.text) refers to malloc.o(i.free) for free
    spi1.o(.text) refers to stm32f10x_rcc.o(.text) for RCC_APB2PeriphClockCmd
    spi1.o(.text) refers to stm32f10x_gpio.o(.text) for GPIO_Init
    spi1.o(.text) refers to misc.o(.text) for NVIC_PriorityGroupConfig
    spi1.o(.text) refers to stm32f10x_spi.o(.text) for SPI_I2S_ITConfig
    spi1.o(.text) refers to malloc.o(i.malloc) for malloc
    spi1.o(.text) refers to malloc.o(i.free) for free
    spi1.o(.text) refers to spi1.o(.data) for spi1
    spi2.o(.text) refers to stm32f10x_rcc.o(.text) for RCC_APB2PeriphClockCmd
    spi2.o(.text) refers to stm32f10x_gpio.o(.text) for GPIO_Init
    spi2.o(.text) refers to stm32f10x_spi.o(.text) for SPI_Init
    spi2.o(.text) refers to malloc.o(i.malloc) for malloc
    spi2.o(.text) refers to malloc.o(i.free) for free
    spi2.o(.text) refers to spi2.o(.data) for spi2
[...]
    fdiv.o(.text) refers to fepilogue.o(.text) for _float_round
    ffixui.o(.text) refers (Special) to iusefp.o(.text) for __I$use$fp
    entry2.o(.ARM.Collect$$$$00000001) refers to entry2.o(.ARM.Collect$$$$00002712) for __lit__00000000
    entry2.o(.ARM.Collect$$$$00002712) refers to startup_stm32f10x_hd.o(STACK) for __initial_sp
    entry2.o(__vectab_stack_and_reset_area) refers to startup_stm32f10x_hd.o(STACK) for __initial_sp
    entry2.o(__vectab_stack_and_reset_area) refers to entry.o(.ARM.Collect$$$$00000000) for __main
    entry5.o(.ARM.Collect$$$$00000004) refers to init.o(.text) for __scatterload
    entry9a.o(.ARM.Collect$$$$0000000B) refers to main.o(.text) for main
    entry9b.o(.ARM.Collect$$$$0000000C) refers to main.o(.text) for main
    fputc.o(i.fputc) refers (Special) to iusesemip.o(.text) for __I$use$semihosting$fputc
    fputc.o(i.fputc) refers (Special) to semi.o(.text) for __semihosting_library_function
    uldiv.o(.text) refers to llushr.o(.text) for __aeabi_llsr
    uldiv.o(.text) refers to llshl.o(.text) for __aeabi_llsl
    dadd.o(.text) refers to llshl.o(.text) for __aeabi_llsl
    dadd.o(.text) refers to llsshr.o(.text) for __aeabi_lasr
    dadd.o(.text) refers to depilogue.o(.text) for _double_epilogue
    dmul.o(.text) refers to depilogue.o(.text) for _double_epilogue
    ddiv.o(.text) refers to depilogue.o(.text) for _double_round
    dfixul.o(.text) refers to llushr.o(.text) for __aeabi_llsr
    dfixul.o(.text) refers to llshl.o(.text) for __aeabi_llsl
    init.o(.text) refers to entry5.o(.ARM.Collect$$$$00000004) for __main_after_scatterload
    depilogue.o(.text) refers to llshl.o(.text) for __aeabi_llsl
    depilogue.o(.text) refers to llushr.o(.text) for __aeabi_llsr
    main.o(i._sys_start_as) refers to collect.o(.text) for Collect_Start
    main.o(i._sys_start_as) refers to sample.o(.text) for Sample_Start
    main.o(i._sys_start_as) refers to main.o(.data) for Sys_Mode
    main.o(i.boot_loader) refers to hardware_factory.o(.text) for Hardware_Factory_Get
    main.o(i.boot_loader) refers to main.o(i._sys_start_as) for _sys_start_as


==============================================================================

Removing Unused input sections from the image.

    Removing core_cm3.o(.emb_text), (32 bytes).

1 unused section(s) (total 32 bytes) removed from the image.

==============================================================================

Image Symbol Table

    Local Symbols

    Symbol Name                              Value     Ov Type        Size  Object(Section)

    ../clib/microlib/division.c              0x00000000   Number         0  uidiv.o ABSOLUTE
    ../clib/microlib/division.c              0x00000000   Number         0  uldiv.o ABSOLUTE
    ../clib/microlib/init/entry.s            0x00000000   Number         0  entry9b.o ABSOLUTE
    ../clib/microlib/init/entry.s            0x00000000   Number         0  entry2.o ABSOLUTE
    ../clib/microlib/init/entry.s            0x00000000   Number         0  entry11a.o ABSOLUTE
    ../clib/microlib/init/entry.s            0x00000000   Number         0  entry11b.o ABSOLUTE
    ../clib/microlib/init/entry.s            0x00000000   Number         0  entry10b.o ABSOLUTE
    ../clib/microlib/init/entry.s            0x00000000   Number         0  entry5.o ABSOLUTE
    ../clib/microlib/init/entry.s            0x00000000   Number         0  entry10a.o ABSOLUTE
    ../clib/microlib/init/entry.s            0x00000000   Number         0  entry7a.o ABSOLUTE
    ../clib/microlib/init/entry.s            0x00000000   Number         0  entry7b.o ABSOLUTE
    ../clib/microlib/init/entry.s            0x00000000   Number         0  entry9a.o ABSOLUTE
    ../clib/microlib/init/entry.s            0x00000000   Number         0  entry8b.o ABSOLUTE
    ../clib/microlib/init/entry.s            0x00000000   Number         0  entry8a.o ABSOLUTE
    ../clib/microlib/init/entry.s            0x00000000   Number         0  entry.o ABSOLUTE
    ../clib/microlib/longlong.c              0x00000000   Number         0  llsshr.o ABSOLUTE
    ../clib/microlib/longlong.c              0x00000000   Number         0  llushr.o ABSOLUTE
    ../clib/microlib/longlong.c              0x00000000   Number         0  llshl.o ABSOLUTE
    ../clib/microlib/malloc/malloc.c         0x00000000   Number         0  mallocr.o ABSOLUTE
    ../clib/microlib/malloc/malloc.c         0x00000000   Number         0  malloc.o ABSOLUTE
    ../clib/microlib/malloc/malloc.c         0x00000000   Number         0  malloca.o ABSOLUTE
    ../clib/microlib/malloc/malloc.c         0x00000000   Number         0  mallocra.o ABSOLUTE
    ../clib/microlib/malloc/mvars.c          0x00000000   Number         0  mvars.o ABSOLUTE
    ../clib/microlib/printf/printf.c         0x00000000   Number         0  printfa.o ABSOLUTE
    ../clib/microlib/stdio/fputc.c           0x00000000   Number         0  fputc.o ABSOLUTE
    ../clib/microlib/stdio/semi.s            0x00000000   Number         0  semi.o ABSOLUTE
    ../clib/microlib/stdio/streams.c         0x00000000   Number         0  stdout.o ABSOLUTE
    ../clib/microlib/string/memcpy.c         0x00000000   Number         0  memcpya.o ABSOLUTE
    ../clib/microlib/string/memcpy.c         0x00000000   Number         0  memcpyb.o ABSOLUTE
    ../clib/microlib/stubs.s                 0x00000000   Number         0  iusefp.o ABSOLUTE
    ../clib/microlib/stubs.s                 0x00000000   Number         0  iusesemip.o ABSOLUTE
    ../fplib/microlib/fpadd.c                0x00000000   Number         0  dadd.o ABSOLUTE
    ../fplib/microlib/fpdiv.c                0x00000000   Number         0  ddiv.o ABSOLUTE
    ../fplib/microlib/fpdiv.c                0x00000000   Number         0  fdiv.o ABSOLUTE
    ../fplib/microlib/fpepilogue.c           0x00000000   Number         0  fepilogue.o ABSOLUTE
    ../fplib/microlib/fpepilogue.c           0x00000000   Number         0  depilogue.o ABSOLUTE
    ../fplib/microlib/fpfix.c                0x00000000   Number         0  ffixui.o ABSOLUTE
    ../fplib/microlib/fpfix.c                0x00000000   Number         0  dfixul.o ABSOLUTE
    ../fplib/microlib/fpmul.c                0x00000000   Number         0  fmul.o ABSOLUTE
    ../fplib/microlib/fpmul.c                0x00000000   Number         0  dmul.o ABSOLUTE
    ..\APP\collect\collect.c                 0x00000000   Number         0  collect.o ABSOLUTE
    ..\APP\sample\sample.c                   0x00000000   Number         0  sample.o ABSOLUTE
    ..\CORE\core_cm3.c                       0x00000000   Number         0  core_cm3.o ABSOLUTE
    ..\CORE\startup_stm32f10x_hd.s           0x00000000   Number         0  startup_stm32f10x_hd.o ABSOLUTE
    ..\HARDWARE\FACTORY\hardware_factory.c   0x00000000   Number         0  hardware_factory.o ABSOLUTE
    ..\HARDWARE\house\adc\adc1.c             0x00000000   Number         0  adc1.o ABSOLUTE
    ..\HARDWARE\house\gpiox\gpiox.c          0x00000000   Number         0  gpiox.o ABSOLUTE
    ..\HARDWARE\house\idac\idac1.c           0x00000000   Number         0  idac1.o ABSOLUTE
    ..\HARDWARE\house\led\led1.c             0x00000000   Number         0  led1.o ABSOLUTE
    ..\HARDWARE\house\led\led2.c             0x00000000   Number         0  led2.o ABSOLUTE
    ..\HARDWARE\house\led\led3.c             0x00000000   Number         0  led3.o ABSOLUTE
    ..\HARDWARE\house\led\led4.c             0x00000000   Number         0  led4.o ABSOLUTE
    ..\HARDWARE\house\spi\spi1.c             0x00000000   Number         0  spi1.o ABSOLUTE
    ..\HARDWARE\house\spi\spi2.c             0x00000000   Number         0  spi2.o ABSOLUTE
    ..\HARDWARE\house\tim\tim2.c             0x00000000   Number         0  tim2.o ABSOLUTE
    ..\HARDWARE\house\tim\tim3.c             0x00000000   Number         0  tim3.o ABSOLUTE
    ..\HARDWARE\house\usart\usart1.c         0x00000000   Number         0  usart1.o ABSOLUTE
    ..\SERVICE\buffer\buffer.c               0x00000000   Number         0  buffer.o ABSOLUTE
    ..\SERVICE\buffer\iterator.c             0x00000000   Number         0  iterator.o ABSOLUTE
    ..\SERVICE\net\conn.c                    0x00000000   Number         0  conn.o ABSOLUTE
    ..\SERVICE\net\net.c                     0x00000000   Number         0  net.o ABSOLUTE
    ..\SERVICE\net\net_master.c              0x00000000   Number         0  net_master.o ABSOLUTE
    ..\SERVICE\net\net_slave.c               0x00000000   Number         0  net_slave.o ABSOLUTE
    ..\SERVICE\sensor\scan.c                 0x00000000   Number         0  scan.o ABSOLUTE
    ..\SERVICE\sensor\sensor.c               0x00000000   Number         0  sensor.o ABSOLUTE
    ..\SERVICE\transmit\tansmit.c            0x00000000   Number         0  tansmit.o ABSOLUTE
    ..\SERVICE\transmit\transfer.c           0x00000000   Number         0  transfer.o ABSOLUTE
    ..\STM32F10x_FWLib\src\misc.c            0x00000000   Number         0  misc.o ABSOLUTE
    ..\STM32F10x_FWLib\src\stm32f10x_adc.c   0x00000000   Number         0  stm32f10x_adc.o ABSOLUTE
    ..\STM32F10x_FWLib\src\stm32f10x_gpio.c  0x00000000   Number         0  stm32f10x_gpio.o ABSOLUTE
    ..\STM32F10x_FWLib\src\stm32f10x_rcc.c   0x00000000   Number         0  stm32f10x_rcc.o ABSOLUTE
    ..\STM32F10x_FWLib\src\stm32f10x_spi.c   0x00000000   Number         0  stm32f10x_spi.o ABSOLUTE
    ..\STM32F10x_FWLib\src\stm32f10x_tim.c   0x00000000   Number         0  stm32f10x_tim.o ABSOLUTE
    ..\STM32F10x_FWLib\src\stm32f10x_usart.c 0x00000000   Number         0  stm32f10x_usart.o ABSOLUTE
    ..\\CORE\\core_cm3.c                     0x00000000   Number         0  core_cm3.o ABSOLUTE
    cdrcmple.s                               0x00000000   Number         0  cdrcmple.o ABSOLUTE
    dc.s                                     0x00000000   Number         0  dc.o ABSOLUTE
    handlers.s                               0x00000000   Number         0  handlers.o ABSOLUTE
    init.s                                   0x00000000   Number         0  init.o ABSOLUTE
    main.c                                   0x00000000   Number         0  main.o ABSOLUTE
    stm32f10x_it.c                           0x00000000   Number         0  stm32f10x_it.o ABSOLUTE
    system_stm32f10x.c                       0x00000000   Number         0  system_stm32f10x.o ABSOLUTE
    RESET                                    0x08000000   Section      304  startup_stm32f10x_hd.o(RESET)
    .ARM.Collect$$$$00000000                 0x08000130   Section        0  entry.o(.ARM.Collect$$$$00000000)
    .ARM.Collect$$$$00000001                 0x08000130   Section        4  entry2.o(.ARM.Collect$$$$00000001)
    .ARM.Collect$$$$00000004                 0x08000134   Section        4  entry5.o(.ARM.Collect$$$$00000004)
    .ARM.Collect$$$$00000008                 0x08000138   Section        0  entry7b.o(.ARM.Collect$$$$00000008)
    .ARM.Collect$$$$0000000A                 0x08000138   Section        0  entry8b.o(.ARM.Collect$$$$0000000A)
    .ARM.Collect$$$$0000000B                 0x08000138   Section        8  entry9a.o(.ARM.Collect$$$$0000000B)
    .ARM.Collect$$$$0000000D                 0x08000140   Section        0  entry10a.o(.ARM.Collect$$$$0000000D)
    .ARM.Collect$$$$0000000F                 0x08000140   Section        0  entry11a.o(.ARM.Collect$$$$0000000F)
    .ARM.Collect$$$$00002712                 0x08000140   Section        4  entry2.o(.ARM.Collect$$$$00002712)
    __lit__00000000                          0x08000140   Data           4  entry2.o(.ARM.Collect$$$$00002712)
    .text                                    0x08000144   Section        0  main.o(.text)
    .text                                    0x0800014c   Section        0  stm32f10x_it.o(.text)
    .text                                    0x08000168   Section        0  system_stm32f10x.o(.text)
    SetSysClockTo64                          0x08000169   Thumb Code   186  system_stm32f10x.o(.text)
    SetSysClock                              0x08000223   Thumb Code     8  system_stm32f10x.o(.text)
    .text                                    0x0800032c   Section        0  sample.o(.text)
    _Sample_Tim_Task                         0x0800032d   Thumb Code    28  sample.o(.text)
    _Scan_Init_Helper                        0x08000349   Thumb Code   176  sample.o(.text)
    .text                                    0x080004e0   Section        0  collect.o(.text)
    .text                                    0x0800060c   Section        0  buffer.o(.text)
    _Buffer_Iterator                         0x0800060d   Thumb Code    14  buffer.o(.text)
    _Buffer_Reset                            0x0800061b   Thumb Code     6  buffer.o(.text)
    _Buffer_Get                              0x08000621   Thumb Code     8  buffer.o(.text)
    _Buffer_Put                              0x08000629   Thumb Code    24  buffer.o(.text)
    _Buffer_Empty                            0x08000641   Thumb Code    14  buffer.o(.text)
    .text                                    0x080006bc   Section        0  iterator.o(.text)
    _Iterator_Next                           0x080006bd   Thumb Code    14  iterator.o(.text)
    _Iterator_Has_Next                       0x080006cb   Thumb Code    18  iterator.o(.text)
    .text                                    0x08000720   Section        0  scan.o(.text)
    _Scan_Restart                            0x08000721   Thumb Code    10  scan.o(.text)
    _Scan_Point                              0x0800072b   Thumb Code    34  scan.o(.text)
    _Scan_Step                               0x0800074d   Thumb Code    90  scan.o(.text)
    _Scan_Start                              0x080007a7   Thumb Code    12  scan.o(.text)
    _Scan_Stop                               0x080007b3   Thumb Code    12  scan.o(.text)
    .text                                    0x08000800   Section        0  sensor.o(.text)
    _Sensor_Code_X_ADDR                      0x08000c3d   Thumb Code    68  sensor.o(.text)
    _Sensor_Code_Y_ADDR                      0x08000c81   Thumb Code    70  sensor.o(.text)
    .text                                    0x08000e40   Section        0  net.o(.text)
    .text                                    0x08000e94   Section        0  net_master.o(.text)
    _Net_Master_In_Waiting                   0x08000e95   Thumb Code    94  net_master.o(.text)
    _Net_Master_In_Working                   0x08000ef3   Thumb Code   162  net_master.o(.text)
    _Net_Master_In_Error                     0x08000f95   Thumb Code   102  net_master.o(.text)
    .text                                    0x08001098   Section        0  net_slave.o(.text)
    _Net_Slave_In_Waiting                    0x08001099   Thumb Code   148  net_slave.o(.text)
    _Net_Slave_In_Working                    0x0800112d   Thumb Code   166  net_slave.o(.text)
    _Net_Slave_In_Error                      0x080011d3   Thumb Code    82  net_slave.o(.text)
    _Net_Slave_Task                          0x08001225   Thumb Code    80  net_slave.o(.text)
    .text                                    0x08001304   Section        0  conn.o(.text)
    _Conn_Read                               0x08001305   Thumb Code   426  conn.o(.text)
    _Conn_Write                              0x080014af   Thumb Code     2  conn.o(.text)
    .text                                    0x080016d8   Section        0  tansmit.o(.text)
    .text                                    0x08001720   Section        0  transfer.o(.text)
    _Transfer_Send                           0x08001721   Thumb Code   118  transfer.o(.text)
    _Transfer_Read                           0x08001797   Thumb Code     2  transfer.o(.text)
    .text                                    0x080017c8   Section        0  adc1.o(.text)
    _ADC1_Init                               0x080017c9   Thumb Code   178  adc1.o(.text)
    _ADC1_DeInit                             0x0800187b   Thumb Code    10  adc1.o(.text)
    _ADC1_Read                               0x08001885   Thumb Code    44  adc1.o(.text)
    .text                                    0x08001914   Section        0  idac1.o(.text)
    delay                                    0x08001915   Thumb Code    14  idac1.o(.text)
    _IDAC1_Reset                             0x08001923   Thumb Code    80  idac1.o(.text)
    _IDAC1_Start                             0x08001973   Thumb Code    84  idac1.o(.text)
    _IDAC1_Stop                              0x080019c7   Thumb Code    80  idac1.o(.text)
    _IDAC1_SetOutput                         0x08001a17   Thumb Code   120  idac1.o(.text)
    _IDAC1_Init                              0x08001a8f   Thumb Code   102  idac1.o(.text)
    _IDAC1_DeInit                            0x08001af5   Thumb Code    12  idac1.o(.text)
    .text                                    0x08001b90   Section        0  gpiox.o(.text)
    .text                                    0x08002d68   Section        0  spi1.o(.text)
    _SPI1_GPIO_Init                          0x08002d69   Thumb Code   136  spi1.o(.text)
    _SPI1_NVIC_Init                          0x08002df1   Thumb Code    42  spi1.o(.text)
    _SPI1_Pause                              0x08002e1b   Thumb Code    14  spi1.o(.text)
    _SPI1_Resume                             0x08002e29   Thumb Code    14  spi1.o(.text)
    _SPI1_Init                               0x08002e37   Thumb Code   120  spi1.o(.text)
    _SPI1_DeInit                             0x08002eaf   Thumb Code     8  spi1.o(.text)
    _SPI1_Read                               0x08002eb7   Thumb Code    26  spi1.o(.text)
    _SPI1_Write                              0x08002ed1   Thumb Code    28  spi1.o(.text)
    _SPI1_ReadWrite                          0x08002eed   Thumb Code    32  spi1.o(.text)
    .text                                    0x08002fc8   Section        0  spi2.o(.text)
    _SPI2_GPIO_Init                          0x08002fc9   Thumb Code    62  spi2.o(.text)
    _SPI2_Init                               0x08003007   Thumb Code    96  spi2.o(.text)
    _SPI2_DeInit                             0x08003067   Thumb Code     2  spi2.o(.text)
    _SPI2_Read                               0x08003069   Thumb Code    26  spi2.o(.text)
    _SPI2_Write                              0x08003083   Thumb Code    28  spi2.o(.text)
    _SPI2_ReadWrite                          0x0800309f   Thumb Code    30  spi2.o(.text)
    .text                                    0x08003138   Section        0  tim2.o(.text)
    _TIM2_Init                               0x08003139   Thumb Code   110  tim2.o(.text)
    _TIM2_DeInit                             0x080031a7   Thumb Code    12  tim2.o(.text)
    _TIM2_Enable                             0x080031b3   Thumb Code    12  tim2.o(.text)
    _TIM2_Disable                            0x080031bf   Thumb Code    14  tim2.o(.text)
    .text                                    0x0800325c   Section        0  tim3.o(.text)
    _TIM3_Init                               0x0800325d   Thumb Code   108  tim3.o(.text)
    _TIM3_DeInit                             0x080032c9   Thumb Code    10  tim3.o(.text)
    _TIM3_Enable                             0x080032d3   Thumb Code    12  tim3.o(.text)
    _TIM3_Disable                            0x080032df   Thumb Code    12  tim3.o(.text)
    .text                                    0x0800337c   Section        0  usart1.o(.text)
    _USART1_Init                             0x0800337d   Thumb Code   132  usart1.o(.text)
    _USART1_DeInit                           0x08003401   Thumb Code     2  usart1.o(.text)
    _USART1_Print                            0x08003403   Thumb Code    84  usart1.o(.text)
    _USART1_Write                            0x08003457   Thumb Code    28  usart1.o(.text)
    .text                                    0x080034dc   Section        0  led1.o(.text)
    _LED1_Light                              0x080034dd   Thumb Code    18  led1.o(.text)
    _LED1_Close                              0x080034ef   Thumb Code    18  led1.o(.text)
    _LED1_Twinkle                            0x08003501   Thumb Code    36  led1.o(.text)
    _LED1_Init                               0x08003525   Thumb Code    80  led1.o(.text)
    _LED1_DeInit                             0x08003575   Thumb Code     8  led1.o(.text)
    .text                                    0x080035e8   Section        0  led2.o(.text)
    _LED2_Light                              0x080035e9   Thumb Code    18  led2.o(.text)
    _LED2_Close                              0x080035fb   Thumb Code    18  led2.o(.text)
    _LED2_Twinkle                            0x0800360d   Thumb Code    36  led2.o(.text)
    _LED2_Init                               0x08003631   Thumb Code    80  led2.o(.text)
    _LED2_DeInit                             0x08003681   Thumb Code     8  led2.o(.text)
    .text                                    0x080036f4   Section        0  led3.o(.text)
    _LED3_Light                              0x080036f5   Thumb Code    16  led3.o(.text)
    _LED3_Close                              0x08003705   Thumb Code    16  led3.o(.text)
    _LED3_Twinkle                            0x08003715   Thumb Code    32  led3.o(.text)
    _LED3_Init                               0x08003735   Thumb Code    72  led3.o(.text)
    _LED3_DeInit                             0x0800377d   Thumb Code     8  led3.o(.text)
    .text                                    0x080037f0   Section        0  led4.o(.text)
    _LED4_Light                              0x080037f1   Thumb Code    18  led4.o(.text)
    _LED4_Close                              0x08003803   Thumb Code    18  led4.o(.text)
    _LED4_Twinkle                            0x08003815   Thumb Code    36  led4.o(.text)
    _LED4_Init                               0x08003839   Thumb Code    80  led4.o(.text)
    _LED4_DeInit                             0x08003889   Thumb Code     8  led4.o(.text)
    .text                                    0x080038fc   Section        0  hardware_factory.o(.text)
    .text                                    0x08003ac4   Section       36  startup_stm32f10x_hd.o(.text)
    .text                                    0x08003ae8   Section        0  stm32f10x_gpio.o(.text)
    .text                                    0x08003e44   Section        0  stm32f10x_rcc.o(.text)
    .text                                    0x080041e8   Section        0  stm32f10x_usart.o(.text)
    .text                                    0x080045f0   Section        0  misc.o(.text)
    .text                                    0x080046cc   Section        0  stm32f10x_spi.o(.text)
    .text                                    0x080049d8   Section        0  stm32f10x_adc.o(.text)
    .text                                    0x08004e28   Section        0  stm32f10x_tim.o(.text)
    TI4_Config                               0x080052cf   Thumb Code   130  stm32f10x_tim.o(.text)
    TI3_Config                               0x08005363   Thumb Code   122  stm32f10x_tim.o(.text)
    TI2_Config                               0x080053f7   Thumb Code   130  stm32f10x_tim.o(.text)
    TI1_Config                               0x0800548b   Thumb Code   108  stm32f10x_tim.o(.text)
    .text                                    0x08005c42   Section        0  fmul.o(.text)
    .text                                    0x08005ca6   Section        0  fdiv.o(.text)
    .text                                    0x08005d22   Section        0  ffixui.o(.text)
    .text                                    0x08005d4a   Section        0  uidiv.o(.text)
    .text                                    0x08005d76   Section        0  uldiv.o(.text)
    .text                                    0x08005dd8   Section        0  iusefp.o(.text)
    .text                                    0x08005dd8   Section        0  fepilogue.o(.text)
    .text                                    0x08005e46   Section        0  dadd.o(.text)
    .text                                    0x08005f94   Section        0  dmul.o(.text)
    .text                                    0x08006078   Section        0  ddiv.o(.text)
    .text                                    0x08006156   Section        0  dfixul.o(.text)
    .text                                    0x08006188   Section       48  cdrcmple.o(.text)
    .text                                    0x080061b8   Section       36  init.o(.text)
    .text                                    0x080061dc   Section        0  llshl.o(.text)
    .text                                    0x080061fa   Section        0  llushr.o(.text)
    .text                                    0x0800621a   Section        0  llsshr.o(.text)
    .text                                    0x0800623e   Section        0  depilogue.o(.text)
    i.MOVE_2_NEXT                            0x080062f8   Section        0  scan.o(i.MOVE_2_NEXT)
    i.__0vsprintf                            0x0800633c   Section        0  printfa.o(i.__0vsprintf)
    i.__scatterload_copy                     0x08006360   Section       14  handlers.o(i.__scatterload_copy)
    i.__scatterload_null                     0x0800636e   Section        2  handlers.o(i.__scatterload_null)
    i.__scatterload_zeroinit                 0x08006370   Section       14  handlers.o(i.__scatterload_zeroinit)
    i._fp_digits                             0x08006380   Section        0  printfa.o(i._fp_digits)
    _fp_digits                               0x08006381   Thumb Code   334  printfa.o(i._fp_digits)
    i._printf_core                           0x080064e4   Section        0  printfa.o(i._printf_core)
    _printf_core                             0x080064e5   Thumb Code  1744  printfa.o(i._printf_core)
    i._printf_post_padding                   0x08006bc0   Section        0  printfa.o(i._printf_post_padding)
    _printf_post_padding                     0x08006bc1   Thumb Code    36  printfa.o(i._printf_post_padding)
    i._printf_pre_padding                    0x08006be4   Section        0  printfa.o(i._printf_pre_padding)
    _printf_pre_padding                      0x08006be5   Thumb Code    46  printfa.o(i._printf_pre_padding)
    i._sputc                                 0x08006c12   Section        0  printfa.o(i._sputc)
    _sputc                                   0x08006c13   Thumb Code    10  printfa.o(i._sputc)
    i._sys_start_as                          0x08006c1c   Section        0  main.o(i._sys_start_as)
    i.boot_loader                            0x08006c40   Section        0  main.o(i.boot_loader)
    i.free                                   0x08006cac   Section        0  malloc.o(i.free)
    i.malloc                                 0x08006cfc   Section        0  malloc.o(i.malloc)
    .data                                    0x20000000   Section        1  main.o(.data)
    .data                                    0x20000004   Section       20  system_stm32f10x.o(.data)
    .data                                    0x20000018   Section       12  sample.o(.data)
    scan                                     0x20000018   Data           4  sample.o(.data)
    sample_buffer                            0x2000001c   Data           4  sample.o(.data)
    tim_4_sample                             0x20000020   Data           4  sample.o(.data)
    .data                                    0x20000024   Section       20  collect.o(.data)
    conn_2_MCU6                              0x20000024   Data           4  collect.o(.data)
    conn_2_MCU7                              0x20000028   Data           4  collect.o(.data)
    trans_2_PC                               0x2000002c   Data           4  collect.o(.data)
    tim_4_collect                            0x20000030   Data           4  collect.o(.data)
    collect_buffer                           0x20000034   Data           4  collect.o(.data)
    .data                                    0x20000038   Section       20  net_master.o(.data)
    mStatus                                  0x20000038   Data           1  net_master.o(.data)
    spi_4_net_master                         0x2000003c   Data           4  net_master.o(.data)
    net_buffer                               0x20000040   Data           4  net_master.o(.data)
    led_r                                    0x20000044   Data           4  net_master.o(.data)
    led_g                                    0x20000048   Data           4  net_master.o(.data)
    .data                                    0x2000004c   Section       31  net_slave.o(.data)
    sStatus                                  0x2000004c   Data           1  net_slave.o(.data)
    spi_4_net_slave                          0x20000050   Data           4  net_slave.o(.data)
    sample_buffer                            0x20000054   Data           4  net_slave.o(.data)
    RXData                                   0x20000058   Data           4  net_slave.o(.data)
    iter                                     0x2000005c   Data           4  net_slave.o(.data)
    led_g                                    0x20000060   Data           4  net_slave.o(.data)
    led_r                                    0x20000064   Data           4  net_slave.o(.data)
    retry                                    0x20000068   Data           1  net_slave.o(.data)
    time_out                                 0x20000069   Data           1  net_slave.o(.data)
    over_flow                                0x2000006a   Data           1  net_slave.o(.data)
    .data                                    0x2000006c   Section        4  tansmit.o(.data)
    usart_4_tansmit                          0x2000006c   Data           4  tansmit.o(.data)
    .data                                    0x20000070   Section        4  adc1.o(.data)
    adc1                                     0x20000070   Data           4  adc1.o(.data)
    .data                                    0x20000074   Section        4  idac1.o(.data)
    idac1                                    0x20000074   Data           4  idac1.o(.data)
    .data                                    0x20000078   Section       16  gpiox.o(.data)
    gpioA                                    0x20000078   Data           4  gpiox.o(.data)
    gpioB                                    0x2000007c   Data           4  gpiox.o(.data)
    gpioC                                    0x20000080   Data           4  gpiox.o(.data)
    gpioD                                    0x20000084   Data           4  gpiox.o(.data)
    .data                                    0x20000088   Section        4  spi1.o(.data)
    spi1                                     0x20000088   Data           4  spi1.o(.data)
    .data                                    0x2000008c   Section        4  spi2.o(.data)
    spi2                                     0x2000008c   Data           4  spi2.o(.data)
    .data                                    0x20000090   Section        4  tim2.o(.data)
    tim2                                     0x20000090   Data           4  tim2.o(.data)
    .data                                    0x20000094   Section        4  tim3.o(.data)
    TIM3_INSTANCE                            0x20000094   Data           4  tim3.o(.data)
    .data                                    0x20000098   Section        4  usart1.o(.data)
    usart1                                   0x20000098   Data           4  usart1.o(.data)
    .data                                    0x2000009c   Section        4  led1.o(.data)
    led1                                     0x2000009c   Data           4  led1.o(.data)
    .data                                    0x200000a0   Section        4  led2.o(.data)
    led2                                     0x200000a0   Data           4  led2.o(.data)
    .data                                    0x200000a4   Section        4  led3.o(.data)
    led3                                     0x200000a4   Data           4  led3.o(.data)
    .data                                    0x200000a8   Section        4  led4.o(.data)
    led4                                     0x200000a8   Data           4  led4.o(.data)
    .data                                    0x200000ac   Section       20  stm32f10x_rcc.o(.data)
    APBAHBPrescTable                         0x200000ac   Data          16  stm32f10x_rcc.o(.data)
    ADCPrescTable                            0x200000bc   Data           4  stm32f10x_rcc.o(.data)
    .data                                    0x200000c0   Section        4  mvars.o(.data)
    .data                                    0x200000c4   Section        4  mvars.o(.data)
    HEAP                                     0x200000c8   Section    40960  startup_stm32f10x_hd.o(HEAP)
    STACK                                    0x2000a0c8   Section     1024  startup_stm32f10x_hd.o(STACK)

    Global Symbols

    Symbol Name                              Value     Ov Type        Size  Object(Section)

    BuildAttributes$$THM_ISAv4$P$D$K$B$S$PE$A:L22UL41UL21$X:L11$S22US41US21$IEEE1$IW$USESV6$~STKCKD$USESV7$~SHL$OTIME$ROPI$EBA8$MICROLIB$REQ8$PRES8$EABIv2 0x00000000   Number         0  anon$$obj.o ABSOLUTE
    __ARM_use_no_argv                        0x00000000   Number         0  main.o ABSOLUTE
    __cpp_initialize__aeabi_                  - Undefined Weak Reference
    __cxa_finalize                            - Undefined Weak Reference
    __decompress                              - Undefined Weak Reference
    _clock_init                               - Undefined Weak Reference
    _microlib_exit                            - Undefined Weak Reference
    __Vectors_Size                           0x00000130   Number         0  startup_stm32f10x_hd.o ABSOLUTE
    __Vectors                                0x08000000   Data           4  startup_stm32f10x_hd.o(RESET)
    __Vectors_End                            0x08000130   Data           0  startup_stm32f10x_hd.o(RESET)
    __main                                   0x08000131   Thumb Code     0  entry.o(.ARM.Collect$$$$00000000)
    _main_stk                                0x08000131   Thumb Code     0  entry2.o(.ARM.Collect$$$$00000001)
    _main_scatterload                        0x08000135   Thumb Code     0  entry5.o(.ARM.Collect$$$$00000004)
    __main_after_scatterload                 0x08000139   Thumb Code     0  entry5.o(.ARM.Collect$$$$00000004)
    _main_clock                              0x08000139   Thumb Code     0  entry7b.o(.ARM.Collect$$$$00000008)
    _main_cpp_init                           0x08000139   Thumb Code     0  entry8b.o(.ARM.Collect$$$$0000000A)
    _main_init                               0x08000139   Thumb Code     0  entry9a.o(.ARM.Collect$$$$0000000B)
    __rt_final_cpp                           0x08000141   Thumb Code     0  entry10a.o(.ARM.Collect$$$$0000000D)
    __rt_final_exit                          0x08000141   Thumb Code     0  entry11a.o(.ARM.Collect$$$$0000000F)
    main                                     0x08000145   Thumb Code     8  main.o(.text)
    NMI_Handler                              0x0800014d   Thumb Code     2  stm32f10x_it.o(.text)
    HardFault_Handler                        0x0800014f   Thumb Code     4  stm32f10x_it.o(.text)
    MemManage_Handler                        0x08000153   Thumb Code     4  stm32f10x_it.o(.text)
    BusFault_Handler                         0x08000157   Thumb Code     4  stm32f10x_it.o(.text)
    UsageFault_Handler                       0x0800015b   Thumb Code     4  stm32f10x_it.o(.text)
    SVC_Handler                              0x0800015f   Thumb Code     2  stm32f10x_it.o(.text)
    DebugMon_Handler                         0x08000161   Thumb Code     2  stm32f10x_it.o(.text)
    PendSV_Handler                           0x08000163   Thumb Code     2  stm32f10x_it.o(.text)
    SysTick_Handler                          0x08000165   Thumb Code     2  stm32f10x_it.o(.text)
    SystemInit                               0x0800022b   Thumb Code    78  system_stm32f10x.o(.text)
    SystemCoreClockUpdate                    0x08000279   Thumb Code   142  system_stm32f10x.o(.text)
    Sample_Start                             0x080003f9   Thumb Code    70  sample.o(.text)
    Sample_Stop                              0x0800043f   Thumb Code    78  sample.o(.text)
    Sample_Pause                             0x0800048d   Thumb Code    12  sample.o(.text)
    Sample_Resume                            0x08000499   Thumb Code    12  sample.o(.text)
    Sample_Buffer_Get                        0x080004a5   Thumb Code    32  sample.o(.text)
    _Collect_Tim_Task                        0x080004e1   Thumb Code   120  collect.o(.text)
    Collect_Start                            0x08000559   Thumb Code   114  collect.o(.text)
    Collect_Stop                             0x080005cb   Thumb Code    42  collect.o(.text)
    Buffer_Create                            0x0800064f   Thumb Code    70  buffer.o(.text)
    Buffer_Destroy                           0x08000695   Thumb Code    18  buffer.o(.text)
    Iterator_Create                          0x080006dd   Thumb Code    40  iterator.o(.text)
    Iterator_Destroy                         0x08000705   Thumb Code    18  iterator.o(.text)
    Scan_Create                              0x080007bf   Thumb Code    34  scan.o(.text)
    Scan_Destroy                             0x080007e1   Thumb Code    12  scan.o(.text)
    Sensor_Get_Code                          0x08000801   Thumb Code   262  sensor.o(.text)
    Sensor_Init                              0x08000907   Thumb Code   822  sensor.o(.text)
    Sensor_Select_X                          0x08000cc7   Thumb Code   160  sensor.o(.text)
    Sensor_Select_Y                          0x08000d67   Thumb Code   166  sensor.o(.text)
    Sensor_Select                            0x08000e0d   Thumb Code    20  sensor.o(.text)
    Sensor_Create_Scan                       0x08000e21   Thumb Code     8  sensor.o(.text)
    Sensor_Destroy_Scan                      0x08000e29   Thumb Code    12  sensor.o(.text)
    Net_Init                                 0x08000e41   Thumb Code    46  net.o(.text)
    Net_Create_Conn                          0x08000e6f   Thumb Code    16  net.o(.text)
    Net_Destroy_Conn                         0x08000e7f   Thumb Code    12  net.o(.text)
    Net_Master_Read                          0x08000ffb   Thumb Code    44  net_master.o(.text)
    Net_Master_Init                          0x08001027   Thumb Code    74  net_master.o(.text)
    Net_Master_DeInit                        0x08001071   Thumb Code    10  net_master.o(.text)
    Net_Slave_Init                           0x08001275   Thumb Code    78  net_slave.o(.text)
    Net_Slave_DeInit                         0x080012c3   Thumb Code    10  net_slave.o(.text)
    Conn_Create                              0x080014b1   Thumb Code   522  conn.o(.text)
    Conn_Destroy                             0x080016bb   Thumb Code    12  conn.o(.text)
    Transmit_Init                            0x080016d9   Thumb Code    26  tansmit.o(.text)
    Transmit_DeInit                          0x080016f3   Thumb Code    12  tansmit.o(.text)
    Transmit_Create_Transfer                 0x080016ff   Thumb Code    12  tansmit.o(.text)
    Transmit_Destroy_Transfer                0x0800170b   Thumb Code    12  tansmit.o(.text)
    Transfer_Create                          0x08001799   Thumb Code    26  transfer.o(.text)
    Transfer_Destroy                         0x080017b3   Thumb Code    12  transfer.o(.text)
    ADC1_Create                              0x080018b1   Thumb Code    54  adc1.o(.text)
    ADC1_Destroy                             0x080018e7   Thumb Code    22  adc1.o(.text)
    IDAC1_Create                             0x08001b01   Thumb Code    80  idac1.o(.text)
    IDAC1_Destroy                            0x08001b51   Thumb Code    22  idac1.o(.text)
    _GPIOA_Enable                            0x08001b91   Thumb Code    14  gpiox.o(.text)
    _GPIOB_Enable                            0x08001b9f   Thumb Code    14  gpiox.o(.text)
    _GPIOC_Enable                            0x08001bad   Thumb Code    14  gpiox.o(.text)
    _GPIOD_Enable                            0x08001bbb   Thumb Code    14  gpiox.o(.text)
    _GPIOA_Disable                           0x08001bc9   Thumb Code    14  gpiox.o(.text)
    _GPIOB_Disable                           0x08001bd7   Thumb Code    14  gpiox.o(.text)
    _GPIOC_Disable                           0x08001be5   Thumb Code    14  gpiox.o(.text)
    _GPIOD_Disable                           0x08001bf3   Thumb Code    14  gpiox.o(.text)
    GPIOx_Create                             0x08001c01   Thumb Code  4324  gpiox.o(.text)
    GPIOx_Destroy                            0x08002ce5   Thumb Code    86  gpiox.o(.text)
    SPI1_IRQHandler                          0x08002f0d   Thumb Code    38  spi1.o(.text)
    SPI1_Create                              0x08002f33   Thumb Code    86  spi1.o(.text)
    SPI1_Destroy                             0x08002f89   Thumb Code    22  spi1.o(.text)
    SPI2_Create                              0x080030bd   Thumb Code    70  spi2.o(.text)
    SPI2_Destroy                             0x08003103   Thumb Code    22  spi2.o(.text)
    TIM2_IRQHandler                          0x080031cd   Thumb Code    38  tim2.o(.text)
    TIM2_Create                              0x080031f3   Thumb Code    64  tim2.o(.text)
    TIM2_Destroy                             0x08003233   Thumb Code    22  tim2.o(.text)
    TIM3_IRQHandler                          0x080032eb   Thumb Code    38  tim3.o(.text)
    TIM3_Create                              0x08003311   Thumb Code    62  tim3.o(.text)
    TIM3_Destroy                             0x0800334f   Thumb Code    22  tim3.o(.text)
    USART1_Create                            0x08003473   Thumb Code    54  usart1.o(.text)
    USART1_Destroy                           0x080034a9   Thumb Code    22  usart1.o(.text)
    LED1_Create                              0x0800357d   Thumb Code    62  led1.o(.text)
    LED1_Destroy                             0x080035bb   Thumb Code    18  led1.o(.text)
    LED2_Create                              0x08003689   Thumb Code    62  led2.o(.text)
    LED2_Destroy                             0x080036c7   Thumb Code    18  led2.o(.text)
    LED3_Create                              0x08003785   Thumb Code    62  led3.o(.text)
    LED3_Destroy                             0x080037c3   Thumb Code    18  led3.o(.text)
    LED4_Create                              0x08003891   Thumb Code    62  led4.o(.text)
    LED4_Destroy                             0x080038cf   Thumb Code    18  led4.o(.text)
    Hardware_Factory_Get                     0x080038fd   Thumb Code   214  hardware_factory.o(.text)
    Hardware_Factory_Release                 0x080039d3   Thumb Code   214  hardware_factory.o(.text)
    Reset_Handler                            0x08003ac5   Thumb Code     8  startup_stm32f10x_hd.o(.text)
    ADC1_2_IRQHandler                        0x08003adf   Thumb Code     0  startup_stm32f10x_hd.o(.text)
    ADC3_IRQHandler                          0x08003adf   Thumb Code     0  startup_stm32f10x_hd.o(.text)
    CAN1_RX1_IRQHandler                      0x08003adf   Thumb Code     0  startup_stm32f10x_hd.o(.text)
    CAN1_SCE_IRQHandler                      0x08003adf   Thumb Code     0  startup_stm32f10x_hd.o(.text)
    DMA1_Channel1_IRQHandler                 0x08003adf   Thumb Code     0  startup_stm32f10x_hd.o(.text)
    DMA1_Channel2_IRQHandler                 0x08003adf   Thumb Code     0  startup_stm32f10x_hd.o(.text)
    DMA1_Channel3_IRQHandler                 0x08003adf   Thumb Code     0  startup_stm32f10x_hd.o(.text)
    DMA1_Channel4_IRQHandler                 0x08003adf   Thumb Code     0  startup_stm32f10x_hd.o(.text)
    DMA1_Channel5_IRQHandler                 0x08003adf   Thumb Code     0  startup_stm32f10x_hd.o(.text)
    DMA1_Channel6_IRQHandler                 0x08003adf   Thumb Code     0  startup_stm32f10x_hd.o(.text)
    DMA1_Channel7_IRQHandler                 0x08003adf   Thumb Code     0  startup_stm32f10x_hd.o(.text)
    DMA2_Channel1_IRQHandler                 0x08003adf   Thumb Code     0  startup_stm32f10x_hd.o(.text)
    DMA2_Channel2_IRQHandler                 0x08003adf   Thumb Code     0  startup_stm32f10x_hd.o(.text)
    DMA2_Channel3_IRQHandler                 0x08003adf   Thumb Code     0  startup_stm32f10x_hd.o(.text)
    DMA2_Channel4_5_IRQHandler               0x08003adf   Thumb Code     0  startup_stm32f10x_hd.o(.text)
    EXTI0_IRQHandler                         0x08003adf   Thumb Code     0  startup_stm32f10x_hd.o(.text)
    EXTI15_10_IRQHandler                     0x08003adf   Thumb Code     0  startup_stm32f10x_hd.o(.text)
    EXTI1_IRQHandler                         0x08003adf   Thumb Code     0  startup_stm32f10x_hd.o(.text)
    EXTI2_IRQHandler                         0x08003adf   Thumb Code     0  startup_stm32f10x_hd.o(.text)
    EXTI3_IRQHandler                         0x08003adf   Thumb Code     0  startup_stm32f10x_hd.o(.text)
    EXTI4_IRQHandler                         0x08003adf   Thumb Code     0  startup_stm32f10x_hd.o(.text)
    EXTI9_5_IRQHandler                       0x08003adf   Thumb Code     0  startup_stm32f10x_hd.o(.text)
    FLASH_IRQHandler                         0x08003adf   Thumb Code     0  startup_stm32f10x_hd.o(.text)
    FSMC_IRQHandler                          0x08003adf   Thumb Code     0  startup_stm32f10x_hd.o(.text)
    I2C1_ER_IRQHandler                       0x08003adf   Thumb Code     0  startup_stm32f10x_hd.o(.text)
    I2C1_EV_IRQHandler                       0x08003adf   Thumb Code     0  startup_stm32f10x_hd.o(.text)
    I2C2_ER_IRQHandler                       0x08003adf   Thumb Code     0  startup_stm32f10x_hd.o(.text)
    I2C2_EV_IRQHandler                       0x08003adf   Thumb Code     0  startup_stm32f10x_hd.o(.text)
    PVD_IRQHandler                           0x08003adf   Thumb Code     0  startup_stm32f10x_hd.o(.text)
    RCC_IRQHandler                           0x08003adf   Thumb Code     0  startup_stm32f10x_hd.o(.text)
    RTCAlarm_IRQHandler                      0x08003adf   Thumb Code     0  startup_stm32f10x_hd.o(.text)
    RTC_IRQHandler                           0x08003adf   Thumb Code     0  startup_stm32f10x_hd.o(.text)
    SDIO_IRQHandler                          0x08003adf   Thumb Code     0  startup_stm32f10x_hd.o(.text)
    SPI2_IRQHandler                          0x08003adf   Thumb Code     0  startup_stm32f10x_hd.o(.text)
    SPI3_IRQHandler                          0x08003adf   Thumb Code     0  startup_stm32f10x_hd.o(.text)
    TAMPER_IRQHandler                        0x08003adf   Thumb Code     0  startup_stm32f10x_hd.o(.text)
    TIM1_BRK_IRQHandler                      0x08003adf   Thumb Code     0  startup_stm32f10x_hd.o(.text)
    TIM1_CC_IRQHandler                       0x08003adf   Thumb Code     0  startup_stm32f10x_hd.o(.text)
    TIM1_TRG_COM_IRQHandler                  0x08003adf   Thumb Code     0  startup_stm32f10x_hd.o(.text)
    TIM1_UP_IRQHandler                       0x08003adf   Thumb Code     0  startup_stm32f10x_hd.o(.text)
    TIM4_IRQHandler                          0x08003adf   Thumb Code     0  startup_stm32f10x_hd.o(.text)
    TIM5_IRQHandler                          0x08003adf   Thumb Code     0  startup_stm32f10x_hd.o(.text)
    TIM6_IRQHandler                          0x08003adf   Thumb Code     0  startup_stm32f10x_hd.o(.text)
    TIM7_IRQHandler                          0x08003adf   Thumb Code     0  startup_stm32f10x_hd.o(.text)
    TIM8_BRK_IRQHandler                      0x08003adf   Thumb Code     0  startup_stm32f10x_hd.o(.text)
    TIM8_CC_IRQHandler                       0x08003adf   Thumb Code     0  startup_stm32f10x_hd.o(.text)
    TIM8_TRG_COM_IRQHandler                  0x08003adf   Thumb Code     0  startup_stm32f10x_hd.o(.text)
    TIM8_UP_IRQHandler                       0x08003adf   Thumb Code     0  startup_stm32f10x_hd.o(.text)
    UART4_IRQHandler                         0x08003adf   Thumb Code     0  startup_stm32f10x_hd.o(.text)
    UART5_IRQHandler                         0x08003adf   Thumb Code     0  startup_stm32f10x_hd.o(.text)
    USART1_IRQHandler                        0x08003adf   Thumb Code     0  startup_stm32f10x_hd.o(.text)
    USART2_IRQHandler                        0x08003adf   Thumb Code     0  startup_stm32f10x_hd.o(.text)
    USART3_IRQHandler                        0x08003adf   Thumb Code     0  startup_stm32f10x_hd.o(.text)
    USBWakeUp_IRQHandler                     0x08003adf   Thumb Code     0  startup_stm32f10x_hd.o(.text)
    USB_HP_CAN1_TX_IRQHandler                0x08003adf   Thumb Code     0  startup_stm32f10x_hd.o(.text)
    USB_LP_CAN1_RX0_IRQHandler               0x08003adf   Thumb Code     0  startup_stm32f10x_hd.o(.text)
    WWDG_IRQHandler                          0x08003adf   Thumb Code     0  startup_stm32f10x_hd.o(.text)
    GPIO_DeInit                              0x08003ae9   Thumb Code   172  stm32f10x_gpio.o(.text)
    GPIO_AFIODeInit                          0x08003b95   Thumb Code    20  stm32f10x_gpio.o(.text)
    GPIO_Init                                0x08003ba9   Thumb Code   278  stm32f10x_gpio.o(.text)
    GPIO_StructInit                          0x08003cbf   Thumb Code    16  stm32f10x_gpio.o(.text)
    GPIO_ReadInputDataBit                    0x08003ccf   Thumb Code    18  stm32f10x_gpio.o(.text)
    GPIO_ReadInputData                       0x08003ce1   Thumb Code     8  stm32f10x_gpio.o(.text)
    GPIO_ReadOutputDataBit                   0x08003ce9   Thumb Code    18  stm32f10x_gpio.o(.text)
    GPIO_ReadOutputData                      0x08003cfb   Thumb Code     8  stm32f10x_gpio.o(.text)
    GPIO_SetBits                             0x08003d03   Thumb Code     4  stm32f10x_gpio.o(.text)
    GPIO_ResetBits                           0x08003d07   Thumb Code     4  stm32f10x_gpio.o(.text)
    GPIO_WriteBit                            0x08003d0b   Thumb Code    10  stm32f10x_gpio.o(.text)
    GPIO_Write                               0x08003d15   Thumb Code     4  stm32f10x_gpio.o(.text)
    GPIO_PinLockConfig                       0x08003d19   Thumb Code    18  stm32f10x_gpio.o(.text)
    GPIO_EventOutputConfig                   0x08003d2b   Thumb Code    26  stm32f10x_gpio.o(.text)
    GPIO_EventOutputCmd                      0x08003d45   Thumb Code     6  stm32f10x_gpio.o(.text)
    GPIO_PinRemapConfig                      0x08003d4b   Thumb Code   138  stm32f10x_gpio.o(.text)
    GPIO_EXTILineConfig                      0x08003dd5   Thumb Code    66  stm32f10x_gpio.o(.text)
    GPIO_ETH_MediaInterfaceConfig            0x08003e17   Thumb Code     8  stm32f10x_gpio.o(.text)
    RCC_DeInit                               0x08003e45   Thumb Code    64  stm32f10x_rcc.o(.text)
    RCC_HSEConfig                            0x08003e85   Thumb Code    70  stm32f10x_rcc.o(.text)
    RCC_GetFlagStatus                        0x08003ecb   Thumb Code    56  stm32f10x_rcc.o(.text)
    RCC_WaitForHSEStartUp                    0x08003f03   Thumb Code    56  stm32f10x_rcc.o(.text)
    RCC_AdjustHSICalibrationValue            0x08003f3b   Thumb Code    20  stm32f10x_rcc.o(.text)
    RCC_HSICmd                               0x08003f4f   Thumb Code     6  stm32f10x_rcc.o(.text)
    RCC_PLLConfig                            0x08003f55   Thumb Code    24  stm32f10x_rcc.o(.text)
    RCC_PLLCmd                               0x08003f6d   Thumb Code     6  stm32f10x_rcc.o(.text)
    RCC_SYSCLKConfig                         0x08003f73   Thumb Code    18  stm32f10x_rcc.o(.text)
    RCC_GetSYSCLKSource                      0x08003f85   Thumb Code    10  stm32f10x_rcc.o(.text)
    RCC_HCLKConfig                           0x08003f8f   Thumb Code    18  stm32f10x_rcc.o(.text)
    RCC_PCLK1Config                          0x08003fa1   Thumb Code    18  stm32f10x_rcc.o(.text)
    RCC_PCLK2Config                          0x08003fb3   Thumb Code    20  stm32f10x_rcc.o(.text)
    RCC_ITConfig                             0x08003fc7   Thumb Code    26  stm32f10x_rcc.o(.text)
    RCC_USBCLKConfig                         0x08003fe1   Thumb Code     8  stm32f10x_rcc.o(.text)
    RCC_ADCCLKConfig                         0x08003fe9   Thumb Code    18  stm32f10x_rcc.o(.text)
    RCC_LSEConfig                            0x08003ffb   Thumb Code    50  stm32f10x_rcc.o(.text)
    RCC_LSICmd                               0x0800402d   Thumb Code     6  stm32f10x_rcc.o(.text)
    RCC_RTCCLKConfig                         0x08004033   Thumb Code    12  stm32f10x_rcc.o(.text)
    RCC_RTCCLKCmd                            0x0800403f   Thumb Code     8  stm32f10x_rcc.o(.text)
    RCC_GetClocksFreq                        0x08004047   Thumb Code   192  stm32f10x_rcc.o(.text)
    RCC_AHBPeriphClockCmd                    0x08004107   Thumb Code    26  stm32f10x_rcc.o(.text)
    RCC_APB2PeriphClockCmd                   0x08004121   Thumb Code    26  stm32f10x_rcc.o(.text)
    RCC_APB1PeriphClockCmd                   0x0800413b   Thumb Code    26  stm32f10x_rcc.o(.text)
    RCC_APB2PeriphResetCmd                   0x08004155   Thumb Code    26  stm32f10x_rcc.o(.text)
    RCC_APB1PeriphResetCmd                   0x0800416f   Thumb Code    26  stm32f10x_rcc.o(.text)
    RCC_BackupResetCmd                       0x08004189   Thumb Code     8  stm32f10x_rcc.o(.text)
    RCC_ClockSecuritySystemCmd               0x08004191   Thumb Code     6  stm32f10x_rcc.o(.text)
    RCC_MCOConfig                            0x08004197   Thumb Code     6  stm32f10x_rcc.o(.text)
    RCC_ClearFlag                            0x0800419d   Thumb Code    14  stm32f10x_rcc.o(.text)
    RCC_GetITStatus                          0x080041ab   Thumb Code    20  stm32f10x_rcc.o(.text)
    RCC_ClearITPendingBit                    0x080041bf   Thumb Code     6  stm32f10x_rcc.o(.text)
    USART_DeInit                             0x080041e9   Thumb Code   134  stm32f10x_usart.o(.text)
    USART_Init                               0x0800426f   Thumb Code   210  stm32f10x_usart.o(.text)
    USART_StructInit                         0x08004341   Thumb Code    24  stm32f10x_usart.o(.text)
    USART_ClockInit                          0x08004359   Thumb Code    34  stm32f10x_usart.o(.text)
    USART_ClockStructInit                    0x0800437b   Thumb Code    12  stm32f10x_usart.o(.text)
    USART_Cmd                                0x08004387   Thumb Code    24  stm32f10x_usart.o(.text)
    USART_ITConfig                           0x0800439f   Thumb Code    74  stm32f10x_usart.o(.text)
    USART_DMACmd                             0x080043e9   Thumb Code    18  stm32f10x_usart.o(.text)
    USART_SetAddress                         0x080043fb   Thumb Code    18  stm32f10x_usart.o(.text)
    USART_WakeUpConfig                       0x0800440d   Thumb Code    18  stm32f10x_usart.o(.text)
    USART_ReceiverWakeUpCmd                  0x0800441f   Thumb Code    24  stm32f10x_usart.o(.text)
    USART_LINBreakDetectLengthConfig         0x08004437   Thumb Code    18  stm32f10x_usart.o(.text)
    USART_LINCmd                             0x08004449   Thumb Code    24  stm32f10x_usart.o(.text)
    USART_SendData                           0x08004461   Thumb Code     8  stm32f10x_usart.o(.text)
    USART_ReceiveData                        0x08004469   Thumb Code    10  stm32f10x_usart.o(.text)
    USART_SendBreak                          0x08004473   Thumb Code    10  stm32f10x_usart.o(.text)
    USART_SetGuardTime                       0x0800447d   Thumb Code    16  stm32f10x_usart.o(.text)
    USART_SetPrescaler                       0x0800448d   Thumb Code    16  stm32f10x_usart.o(.text)
    USART_SmartCardCmd                       0x0800449d   Thumb Code    24  stm32f10x_usart.o(.text)
    USART_SmartCardNACKCmd                   0x080044b5   Thumb Code    24  stm32f10x_usart.o(.text)
    USART_HalfDuplexCmd                      0x080044cd   Thumb Code    24  stm32f10x_usart.o(.text)
    USART_OverSampling8Cmd                   0x080044e5   Thumb Code    22  stm32f10x_usart.o(.text)
    USART_OneBitMethodCmd                    0x080044fb   Thumb Code    24  stm32f10x_usart.o(.text)
    USART_IrDAConfig                         0x08004513   Thumb Code    18  stm32f10x_usart.o(.text)
    USART_IrDACmd                            0x08004525   Thumb Code    24  stm32f10x_usart.o(.text)
    USART_GetFlagStatus                      0x0800453d   Thumb Code    26  stm32f10x_usart.o(.text)
    USART_ClearFlag                          0x08004557   Thumb Code    18  stm32f10x_usart.o(.text)
    USART_GetITStatus                        0x08004569   Thumb Code    84  stm32f10x_usart.o(.text)
    USART_ClearITPendingBit                  0x080045bd   Thumb Code    52  stm32f10x_usart.o(.text)
    NVIC_PriorityGroupConfig                 0x080045f1   Thumb Code    10  misc.o(.text)
    NVIC_Init                                0x080045fb   Thumb Code   100  misc.o(.text)
    NVIC_SetVectorTable                      0x0800465f   Thumb Code    14  misc.o(.text)
    NVIC_SystemLPConfig                      0x0800466d   Thumb Code    34  misc.o(.text)
    SysTick_CLKSourceConfig                  0x0800468f   Thumb Code    40  misc.o(.text)
    SPI_I2S_DeInit                           0x080046cd   Thumb Code    76  stm32f10x_spi.o(.text)
    SPI_Init                                 0x08004719   Thumb Code    60  stm32f10x_spi.o(.text)
    I2S_Init                                 0x08004755   Thumb Code   226  stm32f10x_spi.o(.text)
    SPI_StructInit                           0x08004837   Thumb Code    24  stm32f10x_spi.o(.text)
    I2S_StructInit                           0x0800484f   Thumb Code    20  stm32f10x_spi.o(.text)
    SPI_Cmd                                  0x08004863   Thumb Code    24  stm32f10x_spi.o(.text)
    I2S_Cmd                                  0x0800487b   Thumb Code    24  stm32f10x_spi.o(.text)
    SPI_I2S_ITConfig                         0x08004893   Thumb Code    32  stm32f10x_spi.o(.text)
    SPI_I2S_DMACmd                           0x080048b3   Thumb Code    18  stm32f10x_spi.o(.text)
    SPI_I2S_SendData                         0x080048c5   Thumb Code     4  stm32f10x_spi.o(.text)
    SPI_I2S_ReceiveData                      0x080048c9   Thumb Code     6  stm32f10x_spi.o(.text)
    SPI_NSSInternalSoftwareConfig            0x080048cf   Thumb Code    30  stm32f10x_spi.o(.text)
    SPI_SSOutputCmd                          0x080048ed   Thumb Code    24  stm32f10x_spi.o(.text)
    SPI_DataSizeConfig                       0x08004905   Thumb Code    18  stm32f10x_spi.o(.text)
    SPI_TransmitCRC                          0x08004917   Thumb Code    10  stm32f10x_spi.o(.text)
    SPI_CalculateCRC                         0x08004921   Thumb Code    24  stm32f10x_spi.o(.text)
    SPI_GetCRC                               0x08004939   Thumb Code    16  stm32f10x_spi.o(.text)
    SPI_GetCRCPolynomial                     0x08004949   Thumb Code     6  stm32f10x_spi.o(.text)
    SPI_BiDirectionalLineConfig              0x0800494f   Thumb Code    28  stm32f10x_spi.o(.text)
    SPI_I2S_GetFlagStatus                    0x0800496b   Thumb Code    18  stm32f10x_spi.o(.text)
    SPI_I2S_ClearFlag                        0x0800497d   Thumb Code     6  stm32f10x_spi.o(.text)
    SPI_I2S_GetITStatus                      0x08004983   Thumb Code    52  stm32f10x_spi.o(.text)
    SPI_I2S_ClearITPendingBit                0x080049b7   Thumb Code    20  stm32f10x_spi.o(.text)
    ADC_DeInit                               0x080049d9   Thumb Code    78  stm32f10x_adc.o(.text)
    ADC_Init                                 0x08004a27   Thumb Code    70  stm32f10x_adc.o(.text)
    ADC_StructInit                           0x08004a6d   Thumb Code    18  stm32f10x_adc.o(.text)
    ADC_Cmd                                  0x08004a7f   Thumb Code    22  stm32f10x_adc.o(.text)
    ADC_DMACmd                               0x08004a95   Thumb Code    22  stm32f10x_adc.o(.text)
    ADC_ITConfig                             0x08004aab   Thumb Code    24  stm32f10x_adc.o(.text)
    ADC_ResetCalibration                     0x08004ac3   Thumb Code    10  stm32f10x_adc.o(.text)
    ADC_GetResetCalibrationStatus            0x08004acd   Thumb Code    20  stm32f10x_adc.o(.text)
    ADC_StartCalibration                     0x08004ae1   Thumb Code    10  stm32f10x_adc.o(.text)
    ADC_GetCalibrationStatus                 0x08004aeb   Thumb Code    20  stm32f10x_adc.o(.text)
    ADC_SoftwareStartConvCmd                 0x08004aff   Thumb Code    22  stm32f10x_adc.o(.text)
    ADC_GetSoftwareStartConvStatus           0x08004b15   Thumb Code    20  stm32f10x_adc.o(.text)
    ADC_DiscModeChannelCountConfig           0x08004b29   Thumb Code    24  stm32f10x_adc.o(.text)
    ADC_DiscModeCmd                          0x08004b41   Thumb Code    22  stm32f10x_adc.o(.text)
    ADC_RegularChannelConfig                 0x08004b57   Thumb Code   184  stm32f10x_adc.o(.text)
    ADC_ExternalTrigConvCmd                  0x08004c0f   Thumb Code    22  stm32f10x_adc.o(.text)
    ADC_GetConversionValue                   0x08004c25   Thumb Code     8  stm32f10x_adc.o(.text)
    ADC_GetDualModeConversionValue           0x08004c2d   Thumb Code     8  stm32f10x_adc.o(.text)
    ADC_AutoInjectedConvCmd                  0x08004c35   Thumb Code    22  stm32f10x_adc.o(.text)
    ADC_InjectedDiscModeCmd                  0x08004c4b   Thumb Code    22  stm32f10x_adc.o(.text)
    ADC_ExternalTrigInjectedConvConfig       0x08004c61   Thumb Code    16  stm32f10x_adc.o(.text)
    ADC_ExternalTrigInjectedConvCmd          0x08004c71   Thumb Code    22  stm32f10x_adc.o(.text)
    ADC_SoftwareStartInjectedConvCmd         0x08004c87   Thumb Code    22  stm32f10x_adc.o(.text)
    ADC_GetSoftwareStartInjectedConvCmdStatus 0x08004c9d   Thumb Code    20  stm32f10x_adc.o(.text)
    ADC_InjectedChannelConfig                0x08004cb1   Thumb Code   130  stm32f10x_adc.o(.text)
    ADC_InjectedSequencerLengthConfig        0x08004d33   Thumb Code    24  stm32f10x_adc.o(.text)
    ADC_SetInjectedOffset                    0x08004d4b   Thumb Code    20  stm32f10x_adc.o(.text)
    ADC_GetInjectedConversionValue           0x08004d5f   Thumb Code    28  stm32f10x_adc.o(.text)
    ADC_AnalogWatchdogCmd                    0x08004d7b   Thumb Code    16  stm32f10x_adc.o(.text)
    ADC_AnalogWatchdogThresholdsConfig       0x08004d8b   Thumb Code     6  stm32f10x_adc.o(.text)
    ADC_AnalogWatchdogSingleChannelConfig    0x08004d91   Thumb Code    16  stm32f10x_adc.o(.text)
    ADC_TempSensorVrefintCmd                 0x08004da1   Thumb Code    64  stm32f10x_adc.o(.text)
    ADC_GetFlagStatus                        0x08004de1   Thumb Code    18  stm32f10x_adc.o(.text)
    ADC_ClearFlag                            0x08004df3   Thumb Code     6  stm32f10x_adc.o(.text)
    ADC_GetITStatus                          0x08004df9   Thumb Code    36  stm32f10x_adc.o(.text)
    ADC_ClearITPendingBit                    0x08004e1d   Thumb Code    10  stm32f10x_adc.o(.text)
    TIM_DeInit                               0x08004e29   Thumb Code   424  stm32f10x_tim.o(.text)
    TIM_TimeBaseInit                         0x08004fd1   Thumb Code   122  stm32f10x_tim.o(.text)
    TIM_OC1Init                              0x0800504b   Thumb Code   132  stm32f10x_tim.o(.text)
    TIM_OC2Init                              0x080050cf   Thumb Code   154  stm32f10x_tim.o(.text)
    TIM_OC3Init                              0x08005169   Thumb Code   150  stm32f10x_tim.o(.text)
    TIM_OC4Init                              0x080051ff   Thumb Code   182  stm32f10x_tim.o(.text)
    TIM_SetIC4Prescaler                      0x080052b5   Thumb Code    26  stm32f10x_tim.o(.text)
    TIM_SetIC3Prescaler                      0x08005351   Thumb Code    18  stm32f10x_tim.o(.text)
    TIM_SetIC2Prescaler                      0x080053dd   Thumb Code    26  stm32f10x_tim.o(.text)
    TIM_SetIC1Prescaler                      0x08005479   Thumb Code    18  stm32f10x_tim.o(.text)
    TIM_ICInit                               0x080054f7   Thumb Code   150  stm32f10x_tim.o(.text)
    TIM_PWMIConfig                           0x0800558d   Thumb Code   124  stm32f10x_tim.o(.text)
    TIM_BDTRConfig                           0x08005609   Thumb Code    32  stm32f10x_tim.o(.text)
    TIM_TimeBaseStructInit                   0x08005629   Thumb Code    18  stm32f10x_tim.o(.text)
    TIM_OCStructInit                         0x0800563b   Thumb Code    20  stm32f10x_tim.o(.text)
    TIM_ICStructInit                         0x0800564f   Thumb Code    18  stm32f10x_tim.o(.text)
    TIM_BDTRStructInit                       0x08005661   Thumb Code    40  stm32f10x_tim.o(.text)
    TIM_Cmd                                  0x08005689   Thumb Code    24  stm32f10x_tim.o(.text)
    TIM_CtrlPWMOutputs                       0x080056a1   Thumb Code    30  stm32f10x_tim.o(.text)
    TIM_ITConfig                             0x080056bf   Thumb Code    18  stm32f10x_tim.o(.text)
    TIM_GenerateEvent                        0x080056d1   Thumb Code     4  stm32f10x_tim.o(.text)
    TIM_DMAConfig                            0x080056d5   Thumb Code    10  stm32f10x_tim.o(.text)
    TIM_DMACmd                               0x080056df   Thumb Code    18  stm32f10x_tim.o(.text)
    TIM_InternalClockConfig                  0x080056f1   Thumb Code    12  stm32f10x_tim.o(.text)
    TIM_SelectInputTrigger                   0x080056fd   Thumb Code    18  stm32f10x_tim.o(.text)
    TIM_ITRxExternalClockConfig              0x0800570f   Thumb Code    24  stm32f10x_tim.o(.text)
    TIM_TIxExternalClockConfig               0x08005727   Thumb Code    62  stm32f10x_tim.o(.text)
    TIM_ETRConfig                            0x08005765   Thumb Code    28  stm32f10x_tim.o(.text)
    TIM_ETRClockMode1Config                  0x08005781   Thumb Code    54  stm32f10x_tim.o(.text)
    TIM_ETRClockMode2Config                  0x080057b7   Thumb Code    32  stm32f10x_tim.o(.text)
    TIM_PrescalerConfig                      0x080057d7   Thumb Code     6  stm32f10x_tim.o(.text)
    TIM_CounterModeConfig                    0x080057dd   Thumb Code    18  stm32f10x_tim.o(.text)
    TIM_EncoderInterfaceConfig               0x080057ef   Thumb Code    66  stm32f10x_tim.o(.text)
    TIM_ForcedOC1Config                      0x08005831   Thumb Code    18  stm32f10x_tim.o(.text)
    TIM_ForcedOC2Config                      0x08005843   Thumb Code    26  stm32f10x_tim.o(.text)
    TIM_ForcedOC3Config                      0x0800585d   Thumb Code    18  stm32f10x_tim.o(.text)
    TIM_ForcedOC4Config                      0x0800586f   Thumb Code    26  stm32f10x_tim.o(.text)
    TIM_ARRPreloadConfig                     0x08005889   Thumb Code    24  stm32f10x_tim.o(.text)
    TIM_SelectCOM                            0x080058a1   Thumb Code    24  stm32f10x_tim.o(.text)
    TIM_SelectCCDMA                          0x080058b9   Thumb Code    24  stm32f10x_tim.o(.text)
    TIM_CCPreloadControl                     0x080058d1   Thumb Code    24  stm32f10x_tim.o(.text)
    TIM_OC1PreloadConfig                     0x080058e9   Thumb Code    18  stm32f10x_tim.o(.text)
    TIM_OC2PreloadConfig                     0x080058fb   Thumb Code    26  stm32f10x_tim.o(.text)
    TIM_OC3PreloadConfig                     0x08005915   Thumb Code    18  stm32f10x_tim.o(.text)
    TIM_OC4PreloadConfig                     0x08005927   Thumb Code    26  stm32f10x_tim.o(.text)
    TIM_OC1FastConfig                        0x08005941   Thumb Code    18  stm32f10x_tim.o(.text)
    TIM_OC2FastConfig                        0x08005953   Thumb Code    26  stm32f10x_tim.o(.text)
    TIM_OC3FastConfig                        0x0800596d   Thumb Code    18  stm32f10x_tim.o(.text)
    TIM_OC4FastConfig                        0x0800597f   Thumb Code    26  stm32f10x_tim.o(.text)
    TIM_ClearOC1Ref                          0x08005999   Thumb Code    18  stm32f10x_tim.o(.text)
    TIM_ClearOC2Ref                          0x080059ab   Thumb Code    24  stm32f10x_tim.o(.text)
    TIM_ClearOC3Ref                          0x080059c3   Thumb Code    18  stm32f10x_tim.o(.text)
    TIM_ClearOC4Ref                          0x080059d5   Thumb Code    24  stm32f10x_tim.o(.text)
    TIM_OC1PolarityConfig                    0x080059ed   Thumb Code    18  stm32f10x_tim.o(.text)
    TIM_OC1NPolarityConfig                   0x080059ff   Thumb Code    18  stm32f10x_tim.o(.text)
    TIM_OC2PolarityConfig                    0x08005a11   Thumb Code    26  stm32f10x_tim.o(.text)
    TIM_OC2NPolarityConfig                   0x08005a2b   Thumb Code    26  stm32f10x_tim.o(.text)
    TIM_OC3PolarityConfig                    0x08005a45   Thumb Code    26  stm32f10x_tim.o(.text)
    TIM_OC3NPolarityConfig                   0x08005a5f   Thumb Code    26  stm32f10x_tim.o(.text)
    TIM_OC4PolarityConfig                    0x08005a79   Thumb Code    26  stm32f10x_tim.o(.text)
    TIM_CCxCmd                               0x08005a93   Thumb Code    30  stm32f10x_tim.o(.text)
    TIM_CCxNCmd                              0x08005ab1   Thumb Code    30  stm32f10x_tim.o(.text)
    TIM_SelectOCxM                           0x08005acf   Thumb Code    82  stm32f10x_tim.o(.text)
    TIM_UpdateDisableConfig                  0x08005b21   Thumb Code    24  stm32f10x_tim.o(.text)
    TIM_UpdateRequestConfig                  0x08005b39   Thumb Code    24  stm32f10x_tim.o(.text)
    TIM_SelectHallSensor                     0x08005b51   Thumb Code    24  stm32f10x_tim.o(.text)
    TIM_SelectOnePulseMode                   0x08005b69   Thumb Code    18  stm32f10x_tim.o(.text)
    TIM_SelectOutputTrigger                  0x08005b7b   Thumb Code    18  stm32f10x_tim.o(.text)
    TIM_SelectSlaveMode                      0x08005b8d   Thumb Code    18  stm32f10x_tim.o(.text)
    TIM_SelectMasterSlaveMode                0x08005b9f   Thumb Code    18  stm32f10x_tim.o(.text)
    TIM_SetCounter                           0x08005bb1   Thumb Code     4  stm32f10x_tim.o(.text)
    TIM_SetAutoreload                        0x08005bb5   Thumb Code     4  stm32f10x_tim.o(.text)
    TIM_SetCompare1                          0x08005bb9   Thumb Code     4  stm32f10x_tim.o(.text)
    TIM_SetCompare2                          0x08005bbd   Thumb Code     4  stm32f10x_tim.o(.text)
    TIM_SetCompare3                          0x08005bc1   Thumb Code     4  stm32f10x_tim.o(.text)
    TIM_SetCompare4                          0x08005bc5   Thumb Code     6  stm32f10x_tim.o(.text)
    TIM_SetClockDivision                     0x08005bcb   Thumb Code    18  stm32f10x_tim.o(.text)
    TIM_GetCapture1                          0x08005bdd   Thumb Code     6  stm32f10x_tim.o(.text)
    TIM_GetCapture2                          0x08005be3   Thumb Code     6  stm32f10x_tim.o(.text)
    TIM_GetCapture3                          0x08005be9   Thumb Code     6  stm32f10x_tim.o(.text)
    TIM_GetCapture4                          0x08005bef   Thumb Code     8  stm32f10x_tim.o(.text)
    TIM_GetCounter                           0x08005bf7   Thumb Code     6  stm32f10x_tim.o(.text)
    TIM_GetPrescaler                         0x08005bfd   Thumb Code     6  stm32f10x_tim.o(.text)
    TIM_GetFlagStatus                        0x08005c03   Thumb Code    18  stm32f10x_tim.o(.text)
    TIM_ClearFlag                            0x08005c15   Thumb Code     6  stm32f10x_tim.o(.text)
    TIM_GetITStatus                          0x08005c1b   Thumb Code    34  stm32f10x_tim.o(.text)
    TIM_ClearITPendingBit                    0x08005c3d   Thumb Code     6  stm32f10x_tim.o(.text)
    __aeabi_fmul                             0x08005c43   Thumb Code   100  fmul.o(.text)
    __aeabi_fdiv                             0x08005ca7   Thumb Code   124  fdiv.o(.text)
    __aeabi_f2uiz                            0x08005d23   Thumb Code    40  ffixui.o(.text)
    __aeabi_uidiv                            0x08005d4b   Thumb Code     0  uidiv.o(.text)
    __aeabi_uidivmod                         0x08005d4b   Thumb Code    44  uidiv.o(.text)
    __aeabi_uldivmod                         0x08005d77   Thumb Code    98  uldiv.o(.text)
    __I$use$fp                               0x08005dd9   Thumb Code     0  iusefp.o(.text)
    _float_round                             0x08005dd9   Thumb Code    18  fepilogue.o(.text)
    _float_epilogue                          0x08005deb   Thumb Code    92  fepilogue.o(.text)
    __aeabi_dadd                             0x08005e47   Thumb Code   322  dadd.o(.text)
    __aeabi_dsub                             0x08005f89   Thumb Code     6  dadd.o(.text)
    __aeabi_drsub                            0x08005f8f   Thumb Code     6  dadd.o(.text)
    __aeabi_dmul                             0x08005f95   Thumb Code   228  dmul.o(.text)
    __aeabi_ddiv                             0x08006079   Thumb Code   222  ddiv.o(.text)
    __aeabi_d2ulz                            0x08006157   Thumb Code    48  dfixul.o(.text)
    __aeabi_cdrcmple                         0x08006189   Thumb Code    48  cdrcmple.o(.text)
    __scatterload                            0x080061b9   Thumb Code    28  init.o(.text)
    __scatterload_rt2                        0x080061b9   Thumb Code     0  init.o(.text)
    __aeabi_llsl                             0x080061dd   Thumb Code    30  llshl.o(.text)
    _ll_shift_l                              0x080061dd   Thumb Code     0  llshl.o(.text)
    __aeabi_llsr                             0x080061fb   Thumb Code    32  llushr.o(.text)
    _ll_ushift_r                             0x080061fb   Thumb Code     0  llushr.o(.text)
    __aeabi_lasr                             0x0800621b   Thumb Code    36  llsshr.o(.text)
    _ll_sshift_r                             0x0800621b   Thumb Code     0  llsshr.o(.text)
    _double_round                            0x0800623f   Thumb Code    30  depilogue.o(.text)
    _double_epilogue                         0x0800625d   Thumb Code   156  depilogue.o(.text)
    MOVE_2_NEXT                              0x080062f9   Thumb Code    66  scan.o(i.MOVE_2_NEXT)
    __0vsprintf                              0x0800633d   Thumb Code    30  printfa.o(i.__0vsprintf)
    __1vsprintf                              0x0800633d   Thumb Code     0  printfa.o(i.__0vsprintf)
    __2vsprintf                              0x0800633d   Thumb Code     0  printfa.o(i.__0vsprintf)
    __c89vsprintf                            0x0800633d   Thumb Code     0  printfa.o(i.__0vsprintf)
    vsprintf                                 0x0800633d   Thumb Code     0  printfa.o(i.__0vsprintf)
    __scatterload_copy                       0x08006361   Thumb Code    14  handlers.o(i.__scatterload_copy)
    __scatterload_null                       0x0800636f   Thumb Code     2  handlers.o(i.__scatterload_null)
    __scatterload_zeroinit                   0x08006371   Thumb Code    14  handlers.o(i.__scatterload_zeroinit)
    _sys_start_as                            0x08006c1d   Thumb Code    32  main.o(i._sys_start_as)
    boot_loader                              0x08006c41   Thumb Code   102  main.o(i.boot_loader)
    free                                     0x08006cad   Thumb Code    76  malloc.o(i.free)
    malloc                                   0x08006cfd   Thumb Code    92  malloc.o(i.malloc)
    Region$$Table$$Base                      0x08006d68   Number         0  anon$$obj.o(Region$$Table)
    Region$$Table$$Limit                     0x08006d88   Number         0  anon$$obj.o(Region$$Table)
    Sys_Mode                                 0x20000000   Data           1  main.o(.data)
    SystemCoreClock                          0x20000004   Data           4  system_stm32f10x.o(.data)
    AHBPrescTable                            0x20000008   Data          16  system_stm32f10x.o(.data)
    __microlib_freelist                      0x200000c0   Data           4  mvars.o(.data)
    __microlib_freelist_initialised          0x200000c4   Data           4  mvars.o(.data)
    __heap_base                              0x200000c8   Data           0  startup_stm32f10x_hd.o(HEAP)
    __heap_limit                             0x2000a0c8   Data           0  startup_stm32f10x_hd.o(HEAP)
    __initial_sp                             0x2000a4c8   Data           0  startup_stm32f10x_hd.o(STACK)



==============================================================================

Memory Map of the image

  Image Entry point : 0x08000131

  Load Region LR_IROM1 (Base: 0x08000000, Size: 0x00006e50, Max: 0x00040000, ABSOLUTE)

    Execution Region ER_IROM1 (Base: 0x08000000, Size: 0x00006d88, Max: 0x00040000, ABSOLUTE)

    Base Addr    Size         Type   Attr      Idx    E Section Name        Object

    0x08000000   0x00000130   Data   RO          675    RESET               startup_stm32f10x_hd.o
    0x08000130   0x00000000   Code   RO          766  * .ARM.Collect$$$$00000000  mc_w.l(entry.o)
    0x08000130   0x00000004   Code   RO          831    .ARM.Collect$$$$00000001  mc_w.l(entry2.o)
    0x08000134   0x00000004   Code   RO          834    .ARM.Collect$$$$00000004  mc_w.l(entry5.o)
    0x08000138   0x00000000   Code   RO          836    .ARM.Collect$$$$00000008  mc_w.l(entry7b.o)
    0x08000138   0x00000000   Code   RO          838    .ARM.Collect$$$$0000000A  mc_w.l(entry8b.o)
    0x08000138   0x00000008   Code   RO          839    .ARM.Collect$$$$0000000B  mc_w.l(entry9a.o)
    0x08000140   0x00000000   Code   RO          841    .ARM.Collect$$$$0000000D  mc_w.l(entry10a.o)
    0x08000140   0x00000000   Code   RO          843    .ARM.Collect$$$$0000000F  mc_w.l(entry11a.o)
    0x08000140   0x00000004   Code   RO          832    .ARM.Collect$$$$00002712  mc_w.l(entry2.o)
    0x08000144   0x00000008   Code   RO            1    .text               main.o
    0x0800014c   0x0000001a   Code   RO          157    .text               stm32f10x_it.o
    0x08000166   0x00000002   PAD
    0x08000168   0x000001c4   Code   RO          172    .text               system_stm32f10x.o
    0x0800032c   0x000001b4   Code   RO          190    .text               sample.o
    0x080004e0   0x0000012c   Code   RO          269    .text               collect.o
    0x0800060c   0x000000b0   Code   RO          289    .text               buffer.o
    0x080006bc   0x00000064   Code   RO          304    .text               iterator.o
    0x08000720   0x000000e0   Code   RO          316    .text               scan.o
    0x08000800   0x00000640   Code   RO          336    .text               sensor.o
    0x08000e40   0x00000054   Code   RO          348    .text               net.o
    0x08000e94   0x00000204   Code   RO          366    .text               net_master.o
    0x08001098   0x0000026c   Code   RO          380    .text               net_slave.o
    0x08001304   0x000003d4   Code   RO          394    .text               conn.o
    0x080016d8   0x00000048   Code   RO          406    .text               tansmit.o
    0x08001720   0x000000a8   Code   RO          420    .text               transfer.o
    0x080017c8   0x0000014c   Code   RO          432    .text               adc1.o
    0x08001914   0x0000027c   Code   RO          449    .text               idac1.o
    0x08001b90   0x000011d8   Code   RO          469    .text               gpiox.o
    0x08002d68   0x00000260   Code   RO          486    .text               spi1.o
    0x08002fc8   0x00000170   Code   RO          503    .text               spi2.o
    0x08003138   0x00000124   Code   RO          520    .text               tim2.o
    0x0800325c   0x00000120   Code   RO          537    .text               tim3.o
    0x0800337c   0x00000160   Code   RO          554    .text               usart1.o
    0x080034dc   0x0000010c   Code   RO          578    .text               led1.o
    0x080035e8   0x0000010c   Code   RO          595    .text               led2.o
    0x080036f4   0x000000fc   Code   RO          612    .text               led3.o
    0x080037f0   0x0000010c   Code   RO          629    .text               led4.o
    0x080038fc   0x000001c8   Code   RO          646    .text               hardware_factory.o
    0x08003ac4   0x00000024   Code   RO          676    .text               startup_stm32f10x_hd.o
    0x08003ae8   0x0000035c   Code   RO          680    .text               stm32f10x_gpio.o
    0x08003e44   0x000003a4   Code   RO          692    .text               stm32f10x_rcc.o
    0x080041e8   0x00000408   Code   RO          706    .text               stm32f10x_usart.o
    0x080045f0   0x000000dc   Code   RO          718    .text               misc.o
    0x080046cc   0x0000030c   Code   RO          730    .text               stm32f10x_spi.o
    0x080049d8   0x0000044e   Code   RO          742    .text               stm32f10x_adc.o
    0x08004e26   0x00000002   PAD
    0x08004e28   0x00000e1a   Code   RO          754    .text               stm32f10x_tim.o
    0x08005c42   0x00000064   Code   RO          825    .text               mf_w.l(fmul.o)
    0x08005ca6   0x0000007c   Code   RO          827    .text               mf_w.l(fdiv.o)
    0x08005d22   0x00000028   Code   RO          829    .text               mf_w.l(ffixui.o)
    0x08005d4a   0x0000002c   Code   RO          848    .text               mc_w.l(uidiv.o)
    0x08005d76   0x00000062   Code   RO          850    .text               mc_w.l(uldiv.o)
    0x08005dd8   0x00000000   Code   RO          858    .text               mc_w.l(iusefp.o)
    0x08005dd8   0x0000006e   Code   RO          859    .text               mf_w.l(fepilogue.o)
    0x08005e46   0x0000014e   Code   RO          861    .text               mf_w.l(dadd.o)
    0x08005f94   0x000000e4   Code   RO          863    .text               mf_w.l(dmul.o)
    0x08006078   0x000000de   Code   RO          865    .text               mf_w.l(ddiv.o)
    0x08006156   0x00000030   Code   RO          867    .text               mf_w.l(dfixul.o)
    0x08006186   0x00000002   PAD
    0x08006188   0x00000030   Code   RO          869    .text               mf_w.l(cdrcmple.o)
    0x080061b8   0x00000024   Code   RO          871    .text               mc_w.l(init.o)
    0x080061dc   0x0000001e   Code   RO          874    .text               mc_w.l(llshl.o)
    0x080061fa   0x00000020   Code   RO          876    .text               mc_w.l(llushr.o)
    0x0800621a   0x00000024   Code   RO          878    .text               mc_w.l(llsshr.o)
    0x0800623e   0x000000ba   Code   RO          881    .text               mf_w.l(depilogue.o)
    0x080062f8   0x00000042   Code   RO          325    i.MOVE_2_NEXT       scan.o
    0x0800633a   0x00000002   PAD
    0x0800633c   0x00000024   Code   RO          776    i.__0vsprintf       mc_w.l(printfa.o)
    0x08006360   0x0000000e   Code   RO          885    i.__scatterload_copy  mc_w.l(handlers.o)
    0x0800636e   0x00000002   Code   RO          886    i.__scatterload_null  mc_w.l(handlers.o)
    0x08006370   0x0000000e   Code   RO          887    i.__scatterload_zeroinit  mc_w.l(handlers.o)
    0x0800637e   0x00000002   PAD
    0x08006380   0x00000164   Code   RO          777    i._fp_digits        mc_w.l(printfa.o)
    0x080064e4   0x000006dc   Code   RO          778    i._printf_core      mc_w.l(printfa.o)
    0x08006bc0   0x00000024   Code   RO          779    i._printf_post_padding  mc_w.l(printfa.o)
    0x08006be4   0x0000002e   Code   RO          780    i._printf_pre_padding  mc_w.l(printfa.o)
    0x08006c12   0x0000000a   Code   RO          782    i._sputc            mc_w.l(printfa.o)
    0x08006c1c   0x00000024   Code   RO           14    i._sys_start_as     main.o
    0x08006c40   0x0000006c   Code   RO           20    i.boot_loader       main.o
    0x08006cac   0x00000050   Code   RO          797    i.free              mc_w.l(malloc.o)
    0x08006cfc   0x0000006c   Code   RO          798    i.malloc            mc_w.l(malloc.o)
    0x08006d68   0x00000020   Data   RO          883    Region$$Table       anon$$obj.o


    Execution Region RW_IRAM1 (Base: 0x20000000, Size: 0x0000a4c8, Max: 0x0000c000, ABSOLUTE)

    Base Addr    Size         Type   Attr      Idx    E Section Name        Object

    0x20000000   0x00000001   Data   RW            2    .data               main.o
    0x20000001   0x00000003   PAD
    0x20000004   0x00000014   Data   RW          173    .data               system_stm32f10x.o
    0x20000018   0x0000000c   Data   RW          191    .data               sample.o
    0x20000024   0x00000014   Data   RW          270    .data               collect.o
    0x20000038   0x00000014   Data   RW          367    .data               net_master.o
    0x2000004c   0x0000001f   Data   RW          381    .data               net_slave.o
    0x2000006b   0x00000001   PAD
    0x2000006c   0x00000004   Data   RW          407    .data               tansmit.o
    0x20000070   0x00000004   Data   RW          433    .data               adc1.o
    0x20000074   0x00000004   Data   RW          450    .data               idac1.o
    0x20000078   0x00000010   Data   RW          470    .data               gpiox.o
    0x20000088   0x00000004   Data   RW          487    .data               spi1.o
    0x2000008c   0x00000004   Data   RW          504    .data               spi2.o
    0x20000090   0x00000004   Data   RW          521    .data               tim2.o
    0x20000094   0x00000004   Data   RW          538    .data               tim3.o
    0x20000098   0x00000004   Data   RW          555    .data               usart1.o
    0x2000009c   0x00000004   Data   RW          579    .data               led1.o
    0x200000a0   0x00000004   Data   RW          596    .data               led2.o
    0x200000a4   0x00000004   Data   RW          613    .data               led3.o
    0x200000a8   0x00000004   Data   RW          630    .data               led4.o
    0x200000ac   0x00000014   Data   RW          693    .data               stm32f10x_rcc.o
    0x200000c0   0x00000004   Data   RW          856    .data               mc_w.l(mvars.o)
    0x200000c4   0x00000004   Data   RW          857    .data               mc_w.l(mvars.o)
    0x200000c8   0x0000a000   Zero   RW          674    HEAP                startup_stm32f10x_hd.o
    0x2000a0c8   0x00000400   Zero   RW          673    STACK               startup_stm32f10x_hd.o


==============================================================================

Image component sizes


      Code (inc. data)   RO Data    RW Data    ZI Data      Debug   Object Name

       332         24          0          4          0       1883   adc1.o
       176         22          0          0          0       2047   buffer.o
       300         24          0         20          0       2331   collect.o
       980         26          0          0          0       1931   conn.o
         0          0          0          0          0         32   core_cm3.o
      4568        126          0         16          0       7425   gpiox.o
       456         28          0          0          0       1036   hardware_factory.o
       636         42          0          4          0       3188   idac1.o
       100         10          0          0          0       1563   iterator.o
       268         28          0          4          0       1879   led1.o
       268         28          0          4          0       1843   led2.o
       252         28          0          4          0       1843   led3.o
       268         28          0          4          0       1843   led4.o
       152         10          0          1          0     259744   main.o
       220         22          0          0          0       1797   misc.o
        84         10          0          0          0       1400   net.o
       516         30          0         20          0       2092   net_master.o
       620         56          0         31          0       2102   net_slave.o
       436         28          0         12          0     223040   sample.o
       290         20          0          0          0       2853   scan.o
      1600         24          0          0          0       3239   sensor.o
       608         42          0          4          0       3043   spi1.o
       368         32          0          4          0       2387   spi2.o
        36          8        304          0      41984        788   startup_stm32f10x_hd.o
      1102         26          0          0          0      11041   stm32f10x_adc.o
       860         38          0          0          0       5729   stm32f10x_gpio.o
        26          0          0          0          0       1178   stm32f10x_it.o
       932         36          0         20          0       8908   stm32f10x_rcc.o
       780         14          0          0          0       6614   stm32f10x_spi.o
      3610         88          0          0          0      22840   stm32f10x_tim.o
      1032         22          0          0          0       8456   stm32f10x_usart.o
       452         38          0         20          0       1695   system_stm32f10x.o
        72         10          0          4          0       1511   tansmit.o
       292         20          0          4          0       2003   tim2.o
       288         24          0          4          0       2011   tim3.o
       168         10          0          0          0       1595   transfer.o
       352         30          0          4          0       2851   usart1.o

    ----------------------------------------------------------------------
     23506       1052        336        192      41984     607761   Object Totals
         0          0         32          0          0          0   (incl. Generated)
         6          0          0          4          0          0   (incl. Padding)

    ----------------------------------------------------------------------

      Code (inc. data)   RO Data    RW Data    ZI Data      Debug   Library Member Name

         0          0          0          0          0          0   entry.o
         0          0          0          0          0          0   entry10a.o
         0          0          0          0          0          0   entry11a.o
         8          4          0          0          0          0   entry2.o
         4          0          0          0          0          0   entry5.o
         0          0          0          0          0          0   entry7b.o
         0          0          0          0          0          0   entry8b.o
         8          4          0          0          0          0   entry9a.o
        30          0          0          0          0          0   handlers.o
        36          8          0          0          0         68   init.o
         0          0          0          0          0          0   iusefp.o
        30          0          0          0          0         68   llshl.o
        36          0          0          0          0         68   llsshr.o
        32          0          0          0          0         68   llushr.o
       188         20          0          0          0        160   malloc.o
         0          0          0          8          0          0   mvars.o
      2240         86          0          0          0        508   printfa.o
        44          0          0          0          0         80   uidiv.o
        98          0          0          0          0         92   uldiv.o
        48          0          0          0          0         68   cdrcmple.o
       334          0          0          0          0        148   dadd.o
       222          0          0          0          0        100   ddiv.o
       186          0          0          0          0        176   depilogue.o
        48          0          0          0          0         68   dfixul.o
       228          0          0          0          0         96   dmul.o
       124          0          0          0          0         88   fdiv.o
       110          0          0          0          0        168   fepilogue.o
        40          0          0          0          0         68   ffixui.o
       100          0          0          0          0         76   fmul.o

    ----------------------------------------------------------------------
      4198        122          0          8          0       2168   Library Totals
         4          0          0          0          0          0   (incl. Padding)

    ----------------------------------------------------------------------

      Code (inc. data)   RO Data    RW Data    ZI Data      Debug   Library Name

      2754        122          0          8          0       1112   mc_w.l
      1440          0          0          0          0       1056   mf_w.l

    ----------------------------------------------------------------------
      4198        122          0          8          0       2168   Library Totals

    ----------------------------------------------------------------------

==============================================================================


      Code (inc. data)   RO Data    RW Data    ZI Data      Debug   

     27704       1174        336        200      41984     606337   Grand Totals
     27704       1174        336        200      41984     606337   ELF Image Totals
     27704       1174        336        200          0          0   ROM Totals

==============================================================================

    Total RO  Size (Code + RO Data)                28040 (  27.38kB)
    Total RW  Size (RW Data + ZI Data)             42184 (  41.20kB)
    Total ROM Size (Code + RO Data + RW Data)      28240 (  27.58kB)

==============================================================================

